<html>
<body>
<pre>
<h1>礦ision Build Log</h1>
<h2>Tool Versions:</h2>
IDE-Version: μVision V5.28.0.0
Copyright (C) 2019 ARM Ltd and ARM Germany GmbH. All rights reserved.
License Information: 69 Dell, 6969, LIC=HF8RA-12E8G-LTA3E-5S3HA-H6EJN-ZYQA7
 
Tool Versions:
Toolchain:       MDK-ARM Professional  Version: 5.28.0.0
Toolchain Path:  E:\Keil5 MDK\ARM\ARMCC\Bin
C Compiler:      Armcc.exe V5.06 update 6 (build 750)
Assembler:       Armasm.exe V5.06 update 6 (build 750)
Linker/Locator:  ArmLink.exe V5.06 update 6 (build 750)
Library Manager: ArmAr.exe V5.06 update 6 (build 750)
Hex Converter:   FromElf.exe V5.06 update 6 (build 750)
CPU DLL:         SARMCM3.DLL V5.28.0.0
Dialog DLL:      DCM.DLL V1.17.3.0
Target DLL:      Segger\JL2CM3.dll V2.99.36.0
Dialog DLL:      TCM.DLL V1.36.2.0
 
<h2>Project:</h2>
D:\Romaster\步兵（国赛）\standard V5.0(融合版)\MDK-ARM\infantry_FreeRTOS.uvprojx
Project File Date:  07/27/2019

<h2>Output:</h2>
*** Using Compiler 'V5.06 update 6 (build 750)', folder: 'E:\Keil5 MDK\ARM\ARMCC\Bin'
Build target 'infantry_FreeRTOS'
compiling app.c...
compiling capacity.c...
compiling pid.c...
compiling remote.c...
compiling motorhead.c...
compiling gimbal.c...
compiling chassis.c...
compiling referee_system.c...
compiling debug.c...
compiling detect.c...
compiling Init_Music.c...
compiling aimauto.c...
compiling imu_driver.c...
compiling usart_imu.c...
compiling imu.c...
compiling can.c...
compiling tim.c...
compiling freertos.c...
compiling stm32f4xx_it.c...
compiling packet.c...
compiling imu_data_decode.c...
linking...
Program Size: Code=40608 RO-data=3680 RW-data=4156 ZI-data=29220  
FromELF: creating hex file...
"infantry_FreeRTOS\infantry_FreeRTOS.axf" - 0 Error(s), 0 Warning(s).

<h2>Software Packages used:</h2>

Package Vendor: ARM
                http://www.keil.com/pack/ARM.CMSIS.5.6.0.pack
                ARM.CMSIS.5.6.0
                CMSIS (Cortex Microcontroller Software Interface Standard)
   * Component: CORE Version: 5.3.0
   * Component: DSP Variant: Library Version: 1.7.0

Package Vendor: Keil
                http://www.keil.com/pack/Keil.STM32F4xx_DFP.2.13.0.pack
                Keil.STM32F4xx_DFP.2.13.0
                STMicroelectronics STM32F4 Series Device Support, Drivers and Examples

<h2>Collection of Component include folders:</h2>
  .\RTE\_infantry_FreeRTOS
  E:\Keil5 MDK\ARM\PACK\ARM\CMSIS\5.6.0\CMSIS\Core\Include
  E:\Keil5 MDK\ARM\PACK\ARM\CMSIS\5.6.0\CMSIS\DSP\Include
  E:\Keil5 MDK\ARM\PACK\Keil\STM32F4xx_DFP\2.13.0\Drivers\CMSIS\Device\ST\STM32F4xx\Include

<h2>Collection of Component Files used:</h2>

   * Component: ARM::CMSIS:CORE:5.3.0

   * Component: ARM::CMSIS:DSP:Library:1.7.0
      Include file:  CMSIS\DSP\Include\arm_math.h
      Library file:  CMSIS\DSP\Lib\ARM\arm_cortexM4lf_math.lib
Build Time Elapsed:  00:00:12
</pre>
</body>
</html>
