Component: ARM Compiler 5.06 update 6 (build 750) Tool: armlink [4d35ed]

==============================================================================

Section Cross References

    startup_stm32f427xx.o(RESET) refers to startup_stm32f427xx.o(STACK) for __initial_sp
    startup_stm32f427xx.o(RESET) refers to startup_stm32f427xx.o(.text) for Reset_Handler
    startup_stm32f427xx.o(RESET) refers to stm32f4xx_it.o(i.NMI_Handler) for NMI_Handler
    startup_stm32f427xx.o(RESET) refers to stm32f4xx_it.o(i.HardFault_Handler) for HardFault_Handler
    startup_stm32f427xx.o(RESET) refers to stm32f4xx_it.o(i.MemManage_Handler) for MemManage_Handler
    startup_stm32f427xx.o(RESET) refers to stm32f4xx_it.o(i.BusFault_Handler) for BusFault_Handler
    startup_stm32f427xx.o(RESET) refers to stm32f4xx_it.o(i.UsageFault_Handler) for UsageFault_Handler
    startup_stm32f427xx.o(RESET) refers to port.o(.emb_text) for SVC_Handler
    startup_stm32f427xx.o(RESET) refers to stm32f4xx_it.o(i.DebugMon_Handler) for DebugMon_Handler
    startup_stm32f427xx.o(RESET) refers to port.o(i.SysTick_Handler) for SysTick_Handler
    startup_stm32f427xx.o(RESET) refers to stm32f4xx_it.o(i.DMA1_Stream3_IRQHandler) for DMA1_Stream3_IRQHandler
    startup_stm32f427xx.o(RESET) refers to stm32f4xx_it.o(i.DMA1_Stream5_IRQHandler) for DMA1_Stream5_IRQHandler
    startup_stm32f427xx.o(RESET) refers to stm32f4xx_it.o(i.DMA1_Stream6_IRQHandler) for DMA1_Stream6_IRQHandler
    startup_stm32f427xx.o(RESET) refers to stm32f4xx_it.o(i.CAN1_RX0_IRQHandler) for CAN1_RX0_IRQHandler
    startup_stm32f427xx.o(RESET) refers to stm32f4xx_it.o(i.EXTI9_5_IRQHandler) for EXTI9_5_IRQHandler
    startup_stm32f427xx.o(RESET) refers to stm32f4xx_it.o(i.TIM3_IRQHandler) for TIM3_IRQHandler
    startup_stm32f427xx.o(RESET) refers to stm32f4xx_it.o(i.USART1_IRQHandler) for USART1_IRQHandler
    startup_stm32f427xx.o(RESET) refers to stm32f4xx_it.o(i.USART2_IRQHandler) for USART2_IRQHandler
    startup_stm32f427xx.o(RESET) refers to stm32f4xx_it.o(i.TIM6_DAC_IRQHandler) for TIM6_DAC_IRQHandler
    startup_stm32f427xx.o(RESET) refers to stm32f4xx_it.o(i.DMA2_Stream1_IRQHandler) for DMA2_Stream1_IRQHandler
    startup_stm32f427xx.o(RESET) refers to stm32f4xx_it.o(i.DMA2_Stream2_IRQHandler) for DMA2_Stream2_IRQHandler
    startup_stm32f427xx.o(RESET) refers to stm32f4xx_it.o(i.CAN2_RX1_IRQHandler) for CAN2_RX1_IRQHandler
    startup_stm32f427xx.o(RESET) refers to stm32f4xx_it.o(i.USART6_IRQHandler) for USART6_IRQHandler
    startup_stm32f427xx.o(RESET) refers to stm32f4xx_it.o(i.UART7_IRQHandler) for UART7_IRQHandler
    startup_stm32f427xx.o(RESET) refers to stm32f4xx_it.o(i.UART8_IRQHandler) for UART8_IRQHandler
    startup_stm32f427xx.o(.text) refers to system_stm32f4xx.o(i.SystemInit) for SystemInit
    startup_stm32f427xx.o(.text) refers to entry.o(.ARM.Collect$$$$00000000) for __main
    app.o(i.BSP_Init) refers to stm32f4xx_hal_gpio.o(i.HAL_GPIO_WritePin) for HAL_GPIO_WritePin
    app.o(i.BSP_Init) refers to init_music.o(i.set_random_music) for set_random_music
    app.o(i.BSP_Init) refers to stm32f4xx_hal_tim.o(i.HAL_TIM_Base_Start_IT) for HAL_TIM_Base_Start_IT
    app.o(i.BSP_Init) refers to filter.o(i.All_kalman_init) for All_kalman_init
    app.o(i.BSP_Init) refers to adrc.o(i.ADRC_Init) for ADRC_Init
    app.o(i.BSP_Init) refers to pid.o(i.PID_Init) for PID_Init
    app.o(i.BSP_Init) refers to fuzzy_pid.o(i.FPID_Init) for FPID_Init
    app.o(i.BSP_Init) refers to chassis.o(i.Chassis_Speed_Ref_Init) for Chassis_Speed_Ref_Init
    app.o(i.BSP_Init) refers to stm32f4xx_hal_uart.o(i.HAL_UART_Receive_DMA) for HAL_UART_Receive_DMA
    app.o(i.BSP_Init) refers to can.o(i.CanFilter_Init) for CanFilter_Init
    app.o(i.BSP_Init) refers to stm32f4xx_hal_tim.o(i.HAL_TIM_Base_Start) for HAL_TIM_Base_Start
    app.o(i.BSP_Init) refers to stm32f4xx_hal_tim.o(i.HAL_TIM_PWM_Start) for HAL_TIM_PWM_Start
    app.o(i.BSP_Init) refers to stm32f4xx_hal_adc.o(i.HAL_ADC_Start) for HAL_ADC_Start
    app.o(i.BSP_Init) refers to tim.o(.bss) for htim3
    app.o(i.BSP_Init) refers to usart.o(.bss) for huart8
    app.o(i.BSP_Init) refers to usart.o(.bss) for usart_mpu_bf
    app.o(i.BSP_Init) refers to usart.o(.bss) for usart_dma_bf
    app.o(i.BSP_Init) refers to usart.o(.bss) for camera_buff
    app.o(i.BSP_Init) refers to referee_system.o(.bss) for judge_buff
    app.o(i.BSP_Init) refers to can.o(.bss) for hcan1
    app.o(i.BSP_Init) refers to adc.o(.bss) for hadc1
    app.o(i.Task_Resume) refers to tasks.o(i.vTaskResume) for vTaskResume
    app.o(i.Task_Resume) refers to freertos.o(.data) for GimbalTaskHandle
    app.o(i.Task_Suspend) refers to tasks.o(i.vTaskSuspend) for vTaskSuspend
    app.o(i.Task_Suspend) refers to freertos.o(.data) for GimbalTaskHandle
    pid.o(i.PID_Clear) refers to pid.o(.bss) for .bss
    pid.o(i.PID_Control) refers to stm32f4xx_hal.o(i.HAL_GetTick) for HAL_GetTick
    pid.o(i.PID_Control) refers to pid.o(.bss) for .bss
[...]
    NMI_Handler                              0x080059f1   Thumb Code     2  stm32f4xx_it.o(i.NMI_Handler)
    PID_Clear                                0x08005a15   Thumb Code   178  pid.o(i.PID_Clear)
    PID_Control                              0x08005ad1   Thumb Code   364  pid.o(i.PID_Control)
    PID_Expect                               0x08005c45   Thumb Code   284  chassis.o(i.PID_Expect)
    PID_Increment                            0x08005d71   Thumb Code    78  pid.o(i.PID_Increment)
    PID_Init                                 0x08005dc1   Thumb Code   676  pid.o(i.PID_Init)
    PID_Limit_Out                            0x0800609d   Thumb Code    20  pid.o(i.PID_Limit_Out)
    PLAY                                     0x080060b1   Thumb Code    66  init_music.o(i.PLAY)
    PTZ_Parameter_Init                       0x08006105   Thumb Code    26  motorhead.o(i.PTZ_Parameter_Init)
    Real_time_Shoot_data_processing          0x08006125   Thumb Code    50  referee_system.o(i.Real_time_Shoot_data_processing)
    Real_time_power_and_heat_data_processing 0x0800615d   Thumb Code    98  referee_system.o(i.Real_time_power_and_heat_data_processing)
    RemoteControlProcess                     0x080061cd   Thumb Code   220  remote.o(i.RemoteControlProcess)
    RemoteShootControl                       0x080062c1   Thumb Code   326  remote.o(i.RemoteShootControl)
    Remote_Data_Process                      0x08006425   Thumb Code   188  remote.o(i.Remote_Data_Process)
    Remote_Offline_Slove                     0x080064ed   Thumb Code    64  remote.o(i.Remote_Offline_Slove)
    Remote_Task                              0x08006535   Thumb Code    46  freertos.o(i.Remote_Task)
    ResetSlope                               0x08006569   Thumb Code    48  ramp.o(i.ResetSlope)
    Robot_hurt_status_data_processing        0x0800659d   Thumb Code    24  referee_system.o(i.Robot_hurt_status_data_processing)
    SetInputMode                             0x080065b9   Thumb Code    24  remote.o(i.SetInputMode)
    Set_twist_angle                          0x080065d5   Thumb Code   192  chassis.o(i.Set_twist_angle)
    Shoot_Control                            0x080066bd   Thumb Code   154  remote.o(i.Shoot_Control)
    Slope                                    0x08006779   Thumb Code   408  ramp.o(i.Slope)
    Start_Task                               0x0800691d   Thumb Code   162  freertos.o(i.Start_Task)
    SysTick_Handler                          0x080069f1   Thumb Code    38  port.o(i.SysTick_Handler)
    SystemClock_Config                       0x08006a1d   Thumb Code   140  main.o(i.SystemClock_Config)
    SystemInit                               0x08006ab1   Thumb Code    66  system_stm32f4xx.o(i.SystemInit)
    TIM3_IRQHandler                          0x08006b05   Thumb Code   104  stm32f4xx_it.o(i.TIM3_IRQHandler)
    TIM6_DAC_IRQHandler                      0x08006b91   Thumb Code     6  stm32f4xx_it.o(i.TIM6_DAC_IRQHandler)
    TIM_Base_SetConfig                       0x08006b9d   Thumb Code   148  stm32f4xx_hal_tim.o(i.TIM_Base_SetConfig)
    TIM_CCxChannelCmd                        0x08006c5d   Thumb Code    22  stm32f4xx_hal_tim.o(i.TIM_CCxChannelCmd)
    TIM_OC2_SetConfig                        0x08006cf1   Thumb Code    90  stm32f4xx_hal_tim.o(i.TIM_OC2_SetConfig)
    TIM_SetTIM4Compare1                      0x08006e05   Thumb Code     8  tim.o(i.TIM_SetTIM4Compare1)
    TIM_SetTIM4Compare2                      0x08006e11   Thumb Code     8  tim.o(i.TIM_SetTIM4Compare2)
    Task_Resume                              0x08006e65   Thumb Code    38  app.o(i.Task_Resume)
    Task_Suspend                             0x08006e9d   Thumb Code    46  app.o(i.Task_Suspend)
    UART7_IRQHandler                         0x08006ee1   Thumb Code   110  stm32f4xx_it.o(i.UART7_IRQHandler)
    UART8_IRQHandler                         0x08006f65   Thumb Code    52  stm32f4xx_it.o(i.UART8_IRQHandler)
    USART1_IRQHandler                        0x08007371   Thumb Code    94  stm32f4xx_it.o(i.USART1_IRQHandler)
    USART2_IRQHandler                        0x080073e1   Thumb Code   110  stm32f4xx_it.o(i.USART2_IRQHandler)
    USART6_IRQHandler                        0x08007461   Thumb Code    98  stm32f4xx_it.o(i.USART6_IRQHandler)
    UsageFault_Handler                       0x080074d5   Thumb Code     2  stm32f4xx_it.o(i.UsageFault_Handler)
    Usart_Imu_Data_Process                   0x080074d9   Thumb Code   244  usart_imu.o(i.Usart_Imu_Data_Process)
    Verify_CRC16_Check_Sum                   0x080075dd   Thumb Code    54  referee_system.o(i.Verify_CRC16_Check_Sum)
    Wait_Motor_Power_On                      0x08007619   Thumb Code    74  detect.o(i.Wait_Motor_Power_On)
    WalkControl                              0x08007671   Thumb Code   460  remote.o(i.WalkControl)
    __scatterload_copy                       0x0800784d   Thumb Code    14  handlers.o(i.__scatterload_copy)
    __scatterload_null                       0x0800785b   Thumb Code     2  handlers.o(i.__scatterload_null)
    __scatterload_zeroinit                   0x0800785d   Thumb Code    14  handlers.o(i.__scatterload_zeroinit)
    aimauto_control                          0x0800786d   Thumb Code   384  aimauto.o(i.aimauto_control)
    arm_cos_f32                              0x08007a59   Thumb Code   108  arm_cos_f32.o(i.arm_cos_f32)
    arm_mat_add_f32                          0x08007ad1   Thumb Code   124  arm_mat_add_f32.o(i.arm_mat_add_f32)
    arm_mat_init_f32                         0x08007b4d   Thumb Code     8  arm_mat_init_f32.o(i.arm_mat_init_f32)
    arm_mat_inverse_f32                      0x08007b55   Thumb Code   608  arm_mat_inverse_f32.o(i.arm_mat_inverse_f32)
    arm_mat_mult_f32                         0x08007db9   Thumb Code   216  arm_mat_mult_f32.o(i.arm_mat_mult_f32)
    arm_mat_sub_f32                          0x08007e95   Thumb Code   124  arm_mat_sub_f32.o(i.arm_mat_sub_f32)
    arm_mat_trans_f32                        0x08007f11   Thumb Code   122  arm_mat_trans_f32.o(i.arm_mat_trans_f32)
    arm_sin_f32                              0x08007f8d   Thumb Code   118  arm_sin_f32.o(i.arm_sin_f32)
    cartridge                                0x08008011   Thumb Code   452  remote.o(i.cartridge)
    diff_convert_yaw                         0x08008201   Thumb Code    78  imu.o(i.diff_convert_yaw)
    kalman_filter_calc                       0x0800825d   Thumb Code   308  filter.o(i.kalman_filter_calc)
    kalman_filter_init                       0x08008391   Thumb Code   242  filter.o(i.kalman_filter_init)
    main                                     0x08008483   Thumb Code    98  main.o(i.main)
    osKernelStart                            0x080084f1   Thumb Code    10  cmsis_os.o(i.osKernelStart)
    osThreadCreate                           0x080084fb   Thumb Code    46  cmsis_os.o(i.osThreadCreate)
    playCanghaixiaoMusic                     0x08008529   Thumb Code    48  init_music.o(i.playCanghaixiaoMusic)
    playNufangMusic                          0x08008561   Thumb Code    48  init_music.o(i.playNufangMusic)
    playSuperMarioMusic                      0x08008599   Thumb Code    48  init_music.o(i.playSuperMarioMusic)
    playqinghauciMusic                       0x080085d1   Thumb Code    48  init_music.o(i.playqinghauciMusic)
    playrobotcatMusic                        0x08008609   Thumb Code    48  init_music.o(i.playrobotcatMusic)
    pvPortMalloc                             0x08008d65   Thumb Code   210  heap_4.o(i.pvPortMalloc)
    pxPortInitialiseStack                    0x08008e3d   Thumb Code    40  port.o(i.pxPortInitialiseStack)
    random_play                              0x08008e69   Thumb Code    40  init_music.o(i.random_play)
    referee_system_Rx                        0x08008e95   Thumb Code   122  referee_system.o(i.referee_system_Rx)
    set_random                               0x08008f11   Thumb Code    38  rng.o(i.set_random)
    set_random_music                         0x08008f3d   Thumb Code    16  init_music.o(i.set_random_music)
    target_speed_calc                        0x08008f51   Thumb Code   172  filter.o(i.target_speed_calc)
    ulTaskNotifyTake                         0x0800900d   Thumb Code    96  tasks.o(i.ulTaskNotifyTake)
    uxListRemove                             0x08009075   Thumb Code    36  list.o(i.uxListRemove)
    uxQueueMessagesWaiting                   0x08009099   Thumb Code    36  queue.o(i.uxQueueMessagesWaiting)
    vApplicationIdleHook                     0x080090bd   Thumb Code   126  freertos.o(i.vApplicationIdleHook)
    vListInitialise                          0x08009145   Thumb Code    22  list.o(i.vListInitialise)
    vListInitialiseItem                      0x0800915b   Thumb Code     6  list.o(i.vListInitialiseItem)
    vListInsert                              0x08009161   Thumb Code    48  list.o(i.vListInsert)
    vListInsertEnd                           0x08009191   Thumb Code    24  list.o(i.vListInsertEnd)
    vPortEnterCritical                       0x080091a9   Thumb Code    54  port.o(i.vPortEnterCritical)
    vPortExitCritical                        0x080091e9   Thumb Code    34  port.o(i.vPortExitCritical)
    vPortFree                                0x08009211   Thumb Code    88  heap_4.o(i.vPortFree)
    vPortSetupTimerInterrupt                 0x0800926d   Thumb Code    26  port.o(i.vPortSetupTimerInterrupt)
    vPortValidateInterruptPriority           0x0800928d   Thumb Code    74  port.o(i.vPortValidateInterruptPriority)
    vQueueAddToRegistry                      0x080092e1   Thumb Code    34  queue.o(i.vQueueAddToRegistry)
    vQueueWaitForMessageRestricted           0x08009309   Thumb Code    68  queue.o(i.vQueueWaitForMessageRestricted)
    vTaskDelay                               0x0800934d   Thumb Code    66  tasks.o(i.vTaskDelay)
    vTaskDelete                              0x08009399   Thumb Code   158  tasks.o(i.vTaskDelete)
    vTaskMissedYield                         0x08009445   Thumb Code     8  tasks.o(i.vTaskMissedYield)
    vTaskNotifyGiveFromISR                   0x08009451   Thumb Code   174  tasks.o(i.vTaskNotifyGiveFromISR)
    vTaskPlaceOnEventList                    0x08009509   Thumb Code    44  tasks.o(i.vTaskPlaceOnEventList)
    vTaskPlaceOnEventListRestricted          0x08009539   Thumb Code    52  tasks.o(i.vTaskPlaceOnEventListRestricted)
    vTaskResume                              0x08009571   Thumb Code   112  tasks.o(i.vTaskResume)
    vTaskSetTimeOutState                     0x080095ed   Thumb Code    30  tasks.o(i.vTaskSetTimeOutState)
    vTaskStartScheduler                      0x08009611   Thumb Code    94  tasks.o(i.vTaskStartScheduler)
    vTaskSuspend                             0x08009681   Thumb Code   162  tasks.o(i.vTaskSuspend)
    vTaskSuspendAll                          0x08009731   Thumb Code    10  tasks.o(i.vTaskSuspendAll)
    vTaskSwitchContext                       0x08009741   Thumb Code    82  tasks.o(i.vTaskSwitchContext)
    xPortStartScheduler                      0x0800979d   Thumb Code   202  port.o(i.xPortStartScheduler)
    xQueueGenericCreate                      0x0800987d   Thumb Code    72  queue.o(i.xQueueGenericCreate)
    xQueueGenericReceive                     0x080098c5   Thumb Code   332  queue.o(i.xQueueGenericReceive)
    xQueueGenericReset                       0x08009a15   Thumb Code   132  queue.o(i.xQueueGenericReset)
    xQueueGenericSend                        0x08009a9d   Thumb Code   346  queue.o(i.xQueueGenericSend)
    xQueueGenericSendFromISR                 0x08009bfd   Thumb Code   188  queue.o(i.xQueueGenericSendFromISR)
    xTaskCheckForTimeOut                     0x08009cb9   Thumb Code   102  tasks.o(i.xTaskCheckForTimeOut)
    xTaskCreate                              0x08009d25   Thumb Code    86  tasks.o(i.xTaskCreate)
    xTaskGetSchedulerState                   0x08009d7d   Thumb Code    22  tasks.o(i.xTaskGetSchedulerState)
    xTaskGetTickCount                        0x08009d99   Thumb Code     6  tasks.o(i.xTaskGetTickCount)
    xTaskIncrementTick                       0x08009da5   Thumb Code   192  tasks.o(i.xTaskIncrementTick)
    xTaskRemoveFromEventList                 0x08009e6d   Thumb Code   108  tasks.o(i.xTaskRemoveFromEventList)
    xTaskResumeAll                           0x08009ee1   Thumb Code   182  tasks.o(i.xTaskResumeAll)
    xTimerCreateTimerTask                    0x08009fa5   Thumb Code    56  timers.o(i.xTimerCreateTimerTask)
    xTimerGenericCommand                     0x08009fed   Thumb Code    92  timers.o(i.xTimerGenericCommand)
    CRC8_TAB                                 0x0800a04c   Data         256  referee_system.o(.constdata)
    wCRC_Table                               0x0800a14c   Data         512  referee_system.o(.constdata)
    sinTable_f32                             0x0800a458   Data        2052  arm_common_tables.o(.constdata)
    AHBPrescTable                            0x0800ac5c   Data          16  system_stm32f4xx.o(.constdata)
    APBPrescTable                            0x0800ac6c   Data           8  system_stm32f4xx.o(.constdata)
    Region$$Table$$Base                      0x0800ace0   Number         0  anon$$obj.o(Region$$Table)
    Region$$Table$$Limit                     0x0800ad00   Number         0  anon$$obj.o(Region$$Table)
    Init_End_Flag                            0x20000000   Data           4  app.o(.data)
    friction_flag                            0x20000004   Data           1  remote.o(.data)
    friction_wheel_state                     0x20000005   Data           1  remote.o(.data)
    inputmode                                0x20000006   Data           1  remote.o(.data)
    ws_flag                                  0x20000007   Data           1  remote.o(.data)
    ad_flag                                  0x20000008   Data           1  remote.o(.data)
    i                                        0x20000009   Data           1  remote.o(.data)
    Cartridge_Flag                           0x2000001c   Data           4  remote.o(.data)
    e_count                                  0x20000020   Data           4  remote.o(.data)
    g_count                                  0x20000024   Data           4  remote.o(.data)
    mouse_yaw                                0x2000002c   Data           4  remote.o(.data)
    distance                                 0x20000030   Data           4  remote.o(.data)
    key_mouse_inf                            0x20000034   Data          32  remote.o(.data)
    angle_offset                             0x20000054   Data           4  remote.o(.data)
    pitch_angle_offset                       0x20000058   Data           4  remote.o(.data)
    changehead_rorate                        0x2000005c   Data           4  remote.o(.data)
    changehead_y                             0x20000060   Data           4  remote.o(.data)
    cap_flag                                 0x20000064   Data           1  capacity.o(.data)
    pow_i                                    0x20000065   Data           1  capacity.o(.data)
    vel_i                                    0x20000066   Data           1  capacity.o(.data)
    vel_ave                                  0x20000068   Data           2  capacity.o(.data)
    charge_data                              0x2000006a   Data           2  capacity.o(.data)
    pow_sum                                  0x2000006c   Data           4  capacity.o(.data)
    pow_ave                                  0x20000070   Data           4  capacity.o(.data)
    vel_sum                                  0x20000074   Data           4  capacity.o(.data)
    power_expect                             0x20000078   Data           4  capacity.o(.data)
    Last_expect                              0x2000007c   Data           4  capacity.o(.data)
    power_actual                             0x20000080   Data           4  capacity.o(.data)
    power_last                               0x20000084   Data           4  capacity.o(.data)
    Power_Inc                                0x20000088   Data           4  capacity.o(.data)
    current_expect                           0x2000008c   Data           4  capacity.o(.data)
    bili                                     0x20000090   Data           4  capacity.o(.data)
    send_data                                0x20000094   Data           8  capacity.o(.data)
    power_offset                             0x200000a0   Data           4  chassis.o(.data)
    expect_sum                               0x200000a4   Data           4  chassis.o(.data)
    y_ecdangsav                              0x200000a8   Data           4  chassis.o(.data)
    rotate_k                                 0x200000ac   Data           4  chassis.o(.data)
    rorate_slow                              0x200000b0   Data           4  chassis.o(.data)
    twist_slow                               0x200000b4   Data           4  chassis.o(.data)
    chassis_wz_set_scale                     0x200000b8   Data           4  chassis.o(.data)
    Current_Motor14                          0x200000cc   Data           4  chassis.o(.data)
    Current_Motor23                          0x200000d0   Data           4  chassis.o(.data)
    Current_Motor1234                        0x200000d4   Data           4  chassis.o(.data)
    Chassis_Speed_Ref                        0x200000d8   Data           6  chassis.o(.data)
    Chassis_Motor_PID_Ref                    0x200000de   Data           8  chassis.o(.data)
    Chassis_Walk_Speed                       0x200000e6   Data           2  chassis.o(.data)
    prepare_flag                             0x200000e8   Data           1  motorhead.o(.data)
    yaw_middle_value                         0x200000ea   Data           2  motorhead.o(.data)
    Dial_motor_speed_fdb                     0x200000f0   Data           4  motorhead.o(.data)
    yaw_motor_speed_ref                      0x200000f4   Data           4  motorhead.o(.data)
    position_hit                             0x200000f8   Data           4  motorhead.o(.data)
    expect_speed                             0x200000fc   Data           4  gimbal.o(.data)
    gimbal_power                             0x20000100   Data           1  gimbal.o(.data)
    sin_data                                 0x20000108   Data           4  gimbal.o(.data)
    e_z                                      0x2000010c   Data           4  gimbal.o(.data)
    z1                                       0x20000110   Data           4  gimbal.o(.data)
    z2                                       0x20000114   Data           4  gimbal.o(.data)
    z3                                       0x20000118   Data           4  gimbal.o(.data)
    wc                                       0x2000011c   Data           4  gimbal.o(.data)
    volt_old                                 0x20000120   Data           4  gimbal.o(.data)
    err_p                                    0x20000124   Data           4  gimbal.o(.data)
    volt                                     0x20000128   Data           4  gimbal.o(.data)
    temp_PTZ_Position_P                      0x20000138   Data           4  gimbal.o(.data)
    temp_PTZ_Speed_P                         0x2000013c   Data           4  gimbal.o(.data)
    temp_PTZ_Position_Y                      0x20000140   Data           4  gimbal.o(.data)
    temp_PTZ_Speed_Y                         0x20000144   Data           4  gimbal.o(.data)
    expect_p                                 0x20000148   Data           4  gimbal.o(.data)
    Period                                   0x2000014c   Data         240  gimbal.o(.data)
    Omg                                      0x2000023c   Data         240  gimbal.o(.data)
    flag                                     0x2000032c   Data           7  ramp.o(.data)
    ramp                                     0x20000333   Data           1  ramp.o(.data)
    Led_Tip                                  0x20000334   Data           1  referee_system.o(.data)
    ext_robot_hurt                           0x20000335   Data           1  referee_system.o(.data)
    CRC_INIT                                 0x20000338   Data           2  referee_system.o(.data)
    Led                                      0x2000033a   Data           6  referee_system.o(.data)
    ext_game_robot_survivors                 0x20000340   Data          11  referee_system.o(.data)
    rotate_revive_flag                       0x2000034c   Data           1  detect.o(.data)
    y_anglesave                              0x20000354   Data           4  filter.o(.data)
    p_anglesave                              0x20000358   Data           4  filter.o(.data)
    yaw_speed_raw                            0x2000035c   Data           4  filter.o(.data)
    dist_speed_raw                           0x20000360   Data           4  filter.o(.data)
    pitch_speed_raw                          0x20000364   Data           4  filter.o(.data)
    dist_raw                                 0x20000368   Data           4  filter.o(.data)
    speed_threshold                          0x2000036c   Data           4  filter.o(.data)
    yaw_kalman_filter_data                   0x20000370   Data         196  filter.o(.data)
    dist_kalman_filter_data                  0x20000434   Data         196  filter.o(.data)
    pitch_kalman_filter_data                 0x200004f8   Data         196  filter.o(.data)
    pitch_kp_pid_kalman_filter_data          0x200005bc   Data         196  filter.o(.data)
    yaw_pid_kalman_filter_data               0x20000680   Data         196  filter.o(.data)
    current_kalman_filter_data               0x20000744   Data         196  filter.o(.data)
    usart_imu_gyro_filter_data               0x20000808   Data         196  filter.o(.data)
    power_filter_data                        0x200008cc   Data         196  filter.o(.data)
    chassis_rotate_filter_data               0x20000990   Data         196  filter.o(.data)
    cameraopen_yaw                           0x20000a54   Data           4  filter.o(.data)
    cameraopen_pitch                         0x20000a58   Data           4  filter.o(.data)
    auto_counter                             0x20000a5c   Data           4  init_music.o(.data)
    music_random                             0x20000a60   Data           4  init_music.o(.data)
    SuperMario                               0x20000a64   Data         120  init_music.o(.data)
    qinghauci                                0x20000adc   Data          96  init_music.o(.data)
    Nufang                                   0x20000b3c   Data         312  init_music.o(.data)
    Canghaixiao                              0x20000c74   Data         196  init_music.o(.data)
    robotcat                                 0x20000d38   Data         252  init_music.o(.data)
    yaw_rec                                  0x20000e34   Data           2  aimauto.o(.data)
    pitch_rec                                0x20000e36   Data           2  aimauto.o(.data)
    dist_rec                                 0x20000e38   Data           2  aimauto.o(.data)
    thelta_raw                               0x20000e3a   Data           2  aimauto.o(.data)
    pitch_camera_filter                      0x20000e3c   Data           4  aimauto.o(.data)
    y_angle                                  0x20000e40   Data           4  aimauto.o(.data)
    p_angle                                  0x20000e44   Data           4  aimauto.o(.data)
    yaw_delay                                0x20000e48   Data           4  aimauto.o(.data)
    y_angle_offset                           0x20000e4c   Data           4  aimauto.o(.data)
    yaw_speed_filter                         0x20000e50   Data           4  aimauto.o(.data)
    dist_filter                              0x20000e54   Data           4  aimauto.o(.data)
    pitch_delay                              0x20000e58   Data           4  aimauto.o(.data)
    p_angle_offset                           0x20000e5c   Data           4  aimauto.o(.data)
    pitch_speed_filter                       0x20000e60   Data           4  aimauto.o(.data)
    deal                                     0x20000e64   Data           1  imu.o(.data)
    count_number                             0x20000e66   Data           2  imu.o(.data)
    yaw_filter                               0x20000e68   Data           4  imu.o(.data)
    single_off                               0x20000e6c   Data           4  imu.o(.data)
    all_off                                  0x20000e70   Data           4  imu.o(.data)
    yaw_off                                  0x20000e74   Data           4  imu.o(.data)
    js                                       0x20000e78   Data           4  imu.o(.data)
    force                                    0x20000e7c   Data           4  imu.o(.data)
    q0                                       0x20000e80   Data           4  imu.o(.data)
    q1                                       0x20000e84   Data           4  imu.o(.data)
    q2                                       0x20000e88   Data           4  imu.o(.data)
    q3                                       0x20000e8c   Data           4  imu.o(.data)
    yaw_temp                                 0x20000e90   Data           4  imu.o(.data)
    last_yaw_temp                            0x20000e94   Data           4  imu.o(.data)
    yaw_angle                                0x20000e98   Data           4  imu.o(.data)
    yaw_angle_last                           0x20000e9c   Data           4  imu.o(.data)
    yaw_count                                0x20000ea0   Data           4  imu.o(.data)
    temp_gx                                  0x20000ea8   Data           4  imu.o(.data)
    temp_gz                                  0x20000eac   Data           4  imu.o(.data)
    exInt                                    0x20000eb0   Data           4  imu.o(.data)
    eyInt                                    0x20000eb4   Data           4  imu.o(.data)
    ezInt                                    0x20000eb8   Data           4  imu.o(.data)
    lastUpdate                               0x20000ed8   Data           4  imu.o(.data)
    now                                      0x20000edc   Data           4  imu.o(.data)
    mpu_temp                                 0x20000ee0   Data           4  imu.o(.data)
    MPU_id                                   0x20000ee4   Data           1  imu_driver.o(.data)
    isMPU6500_is_DRY                         0x20000ee5   Data           1  imu_driver.o(.data)
    gxset                                    0x20000eec   Data           2  imu_driver.o(.data)
    gyset                                    0x20000eee   Data           2  imu_driver.o(.data)
    gzset                                    0x20000ef0   Data           2  imu_driver.o(.data)
    axset                                    0x20000ef2   Data           2  imu_driver.o(.data)
    ayset                                    0x20000ef4   Data           2  imu_driver.o(.data)
    yaw_usart_count                          0x20000f10   Data           4  usart_imu.o(.data)
    pitch_usart_angle                        0x20000f14   Data           4  usart_imu.o(.data)
    yaw_usart_angle                          0x20000f18   Data           4  usart_imu.o(.data)
    yaw_usart_temp                           0x20000f1c   Data           4  usart_imu.o(.data)
    last_yaw_usart_temp                      0x20000f20   Data           4  usart_imu.o(.data)
    gyro_usart_y                             0x20000f2c   Data           4  usart_imu.o(.data)
    gyro_usart_z                             0x20000f30   Data           4  usart_imu.o(.data)
    data_index                               0x20000f34   Data           4  usart_imu.o(.data)
    Speed1                                   0x20000f38   Data           4  can.o(.data)
    Speed2                                   0x20000f3c   Data           4  can.o(.data)
    Speed3                                   0x20000f40   Data           4  can.o(.data)
    Speed4                                   0x20000f44   Data           4  can.o(.data)
    CAP_volt                                 0x20000f48   Data           4  can.o(.data)
    can_count_y                              0x20000f4c   Data           4  can.o(.data)
    count_p                                  0x20000f50   Data           4  can.o(.data)
    count_h                                  0x20000f54   Data           4  can.o(.data)
    Chaais_Send                              0x20000f5c   Data           4  can.o(.data)
    Chaais_Receive                           0x20000f60   Data           4  can.o(.data)
    CAP_Receive                              0x20000f64   Data           8  can.o(.data)
    databuf                                  0x20000f6c   Data           8  can.o(.data)
    databuf_PTZ                              0x20000f74   Data           8  can.o(.data)
    CAP_Send                                 0x20000f7c   Data           8  can.o(.data)
    GimbalTaskHandle                         0x20000f8c   Data           4  freertos.o(.data)
    IMUTaskHandle                            0x20000f90   Data           4  freertos.o(.data)
    RemoteTaskHandle                         0x20000f94   Data           4  freertos.o(.data)
    ChassisTaskHandle                        0x20000f98   Data           4  freertos.o(.data)
    JudgeTaskHandle                          0x20000f9c   Data           4  freertos.o(.data)
    MiniPCTaskHandle                         0x20000fa0   Data           4  freertos.o(.data)
    CapacityTaskHandle                       0x20000fa4   Data           4  freertos.o(.data)
    StartTaskHandle                          0x20000fa8   Data           4  freertos.o(.data)
    BuzzyTaskHandle                          0x20000fac   Data           4  freertos.o(.data)
    JudgeQueueHandle                         0x20000fb0   Data           4  freertos.o(.data)
    soft_js_time                             0x20000fb4   Data           4  tim.o(.data)
    uwTickFreq                               0x20000fb8   Data           1  stm32f4xx_hal.o(.data)
    uwTickPrio                               0x20000fbc   Data           4  stm32f4xx_hal.o(.data)
    uwTick                                   0x20000fc0   Data           4  stm32f4xx_hal.o(.data)
    SystemCoreClock                          0x20000fc4   Data           4  system_stm32f4xx.o(.data)
    pxCurrentTCB                             0x20000fc8   Data           4  tasks.o(.data)
    Chassis_Motor_PID_1                      0x2000103c   Data         212  pid.o(.bss)
    Chassis_Motor_PID_2                      0x20001110   Data         212  pid.o(.bss)
    Chassis_Motor_PID_3                      0x200011e4   Data         212  pid.o(.bss)
    Chassis_Motor_PID_4                      0x200012b8   Data         212  pid.o(.bss)
    Hit_speed                                0x2000138c   Data         212  pid.o(.bss)
    Hit_position                             0x20001460   Data         212  pid.o(.bss)
    Chassis_Motor_PID_rotate                 0x20001534   Data         212  pid.o(.bss)
    PTZ_Motor_PID_Position_Y                 0x20001608   Data         212  pid.o(.bss)
    PTZ_Motor_PID_Speed_Y                    0x200016dc   Data         212  pid.o(.bss)
    PTZ_Motor_PID_Position_P                 0x200017b0   Data         212  pid.o(.bss)
    PTZ_Motor_PID_Speed_P                    0x20001884   Data         212  pid.o(.bss)
    Power_limit                              0x20001958   Data          44  pid.o(.bss)
    MPU_temp                                 0x20001984   Data          44  pid.o(.bss)
    RC_CtrlData                              0x200019b0   Data          40  remote.o(.bss)
    GimbalRef                                0x200019d8   Data          20  remote.o(.bss)
    refree_change_inf                        0x200019ec   Data          16  remote.o(.bss)
    Chassis_Motor_Actual_Speed_ref           0x200019fc   Data          16  chassis.o(.bss)
    mechanical_angle_PTZ_P                   0x20001a0c   Data          64  motorhead.o(.bss)
    mechanical_angle_PTZ_Y                   0x20001a4c   Data          64  motorhead.o(.bss)
    Dial_the_motor                           0x20001a8c   Data          64  motorhead.o(.bss)
    value                                    0x20001acc   Data          28  ramp.o(.bss)
    get                                      0x20001ae8   Data          28  ramp.o(.bss)
    stdbuf                                   0x20001b04   Data          30  referee_system.o(.bss)
    ext_game_robot_state                     0x20001b22   Data          24  referee_system.o(.bss)
    ext_power_heat_data                      0x20001b3a   Data          30  referee_system.o(.bss)
    ext_shoot_data                           0x20001b58   Data          12  referee_system.o(.bss)
    judge_buff                               0x20001b64   Data          30  referee_system.o(.bss)
    errorList                                0x20001b82   Data         264  detect.o(.bss)
    PTZ_Motor_FPID_Position_Y                0x20001c8c   Data          64  fuzzy_pid.o(.bss)
    PTZ_Motor_FPID_Speed_Y                   0x20001ccc   Data          64  fuzzy_pid.o(.bss)
    PTZ_Motor_FPID_Position_P                0x20001d0c   Data          64  fuzzy_pid.o(.bss)
    PTZ_Motor_FPID_Speed_P                   0x20001d4c   Data          64  fuzzy_pid.o(.bss)
    usart_imu_gyro_filter                    0x20001d8c   Data         116  filter.o(.bss)
    yaw_kalman_filter                        0x20001e00   Data         116  filter.o(.bss)
    pitch_kalman_filter                      0x20001e74   Data         116  filter.o(.bss)
    dist_kalman_filter                       0x20001ee8   Data         116  filter.o(.bss)
    yaw_pid_kalman_filter                    0x20001f5c   Data         116  filter.o(.bss)
    pitch_pid_kalman_filter                  0x20001fd0   Data         116  filter.o(.bss)
    pitch_kp_pid_kalman_filter               0x20002044   Data         116  filter.o(.bss)
    current_kalman_filter                    0x200020b8   Data         116  filter.o(.bss)
    chassis_rotate_filter                    0x2000212c   Data         116  filter.o(.bss)
    power_filter                             0x200021a0   Data         116  filter.o(.bss)
    yaw_speed_struct                         0x20002214   Data          28  filter.o(.bss)
    pitch_speed_struct                       0x20002230   Data          28  filter.o(.bss)
    dist_speed_struct                        0x2000224c   Data          28  filter.o(.bss)
    Yawangle_delay                           0x20002268   Data         804  filter.o(.bss)
    Pitchangle_delay                         0x2000258c   Data         804  filter.o(.bss)
    ADRC_Yaw_Controller                      0x200028b0   Data         136  adrc.o(.bss)
    ADRC_Yaw_Speed_Controller                0x20002938   Data         136  adrc.o(.bss)
    ang_save                                 0x200029c0   Data        4096  imu.o(.bss)
    angle                                    0x200039c0   Data          12  imu.o(.bss)
    Diff_Yaw                                 0x200039cc   Data          24  imu.o(.bss)
    mygetqval                                0x200039e4   Data          36  imu.o(.bss)
    MPU6500_Real_Data                        0x20003a18   Data          40  imu_driver.o(.bss)
    hadc1                                    0x20003a40   Data          72  adc.o(.bss)
    CAN_Message                              0x20003a88   Data          16  can.o(.bss)
    hcan1                                    0x20003b00   Data          40  can.o(.bss)
    hcan2                                    0x20003b28   Data          40  can.o(.bss)
    hspi5                                    0x20003b50   Data          88  spi.o(.bss)
    htim2                                    0x20003ba8   Data          60  tim.o(.bss)
    htim3                                    0x20003be4   Data          60  tim.o(.bss)
    htim4                                    0x20003c20   Data          60  tim.o(.bss)
    htim5                                    0x20003c5c   Data          60  tim.o(.bss)
    htim8                                    0x20003c98   Data          60  tim.o(.bss)
    htim12                                   0x20003cd4   Data          60  tim.o(.bss)
    hrng                                     0x20003d10   Data          12  rng.o(.bss)
    usart_dma_bf                             0x20003d1c   Data          30  usart.o(.bss)
    usart_mpu_bf                             0x20003d3a   Data          40  usart.o(.bss)
    camera_buff                              0x20003d62   Data          10  usart.o(.bss)
    huart7                                   0x20003d6c   Data          64  usart.o(.bss)
    huart8                                   0x20003dac   Data          64  usart.o(.bss)
    huart1                                   0x20003dec   Data          64  usart.o(.bss)
    huart2                                   0x20003e2c   Data          64  usart.o(.bss)
    huart3                                   0x20003e6c   Data          64  usart.o(.bss)
    huart6                                   0x20003eac   Data          64  usart.o(.bss)
    hdma_uart7_rx                            0x20003eec   Data          96  usart.o(.bss)
    hdma_uart8_rx                            0x20003f4c   Data          96  usart.o(.bss)
    hdma_usart1_rx                           0x20003fac   Data          96  usart.o(.bss)
    hdma_usart2_rx                           0x2000400c   Data          96  usart.o(.bss)
    hdma_usart6_rx                           0x2000406c   Data          96  usart.o(.bss)
    htim6                                    0x200040cc   Data          60  stm32f4xx_hal_timebase_tim.o(.bss)
    xQueueRegistry                           0x20004108   Data          64  queue.o(.bss)
    __initial_sp                             0x20008260   Data           0  startup_stm32f427xx.o(STACK)



==============================================================================

Memory Map of the image

  Image Entry point : 0x080001ad

  Load Region LR_IROM1 (Base: 0x08000000, Size: 0x0000bd3c, Max: 0x00200000, ABSOLUTE, COMPRESSED[0x0000b07c])

    Execution Region ER_IROM1 (Exec base: 0x08000000, Load base: 0x08000000, Size: 0x0000ad00, Max: 0x00200000, ABSOLUTE)

    Exec Addr    Load Addr    Size         Type   Attr      Idx    E Section Name        Object

    0x08000000   0x08000000   0x000001ac   Data   RO            3    RESET               startup_stm32f427xx.o
    0x080001ac   0x080001ac   0x00000000   Code   RO         8140  * .ARM.Collect$$$$00000000  mc_w.l(entry.o)
    0x080001ac   0x080001ac   0x00000004   Code   RO         8242    .ARM.Collect$$$$00000001  mc_w.l(entry2.o)
    0x080001b0   0x080001b0   0x00000004   Code   RO         8245    .ARM.Collect$$$$00000004  mc_w.l(entry5.o)
    0x080001b4   0x080001b4   0x00000000   Code   RO         8247    .ARM.Collect$$$$00000008  mc_w.l(entry7b.o)
    0x080001b4   0x080001b4   0x00000000   Code   RO         8249    .ARM.Collect$$$$0000000A  mc_w.l(entry8b.o)
    0x080001b4   0x080001b4   0x00000008   Code   RO         8250    .ARM.Collect$$$$0000000B  mc_w.l(entry9a.o)
    0x080001bc   0x080001bc   0x00000000   Code   RO         8252    .ARM.Collect$$$$0000000D  mc_w.l(entry10a.o)
    0x080001bc   0x080001bc   0x00000000   Code   RO         8254    .ARM.Collect$$$$0000000F  mc_w.l(entry11a.o)
    0x080001bc   0x080001bc   0x00000004   Code   RO         8243    .ARM.Collect$$$$00002712  mc_w.l(entry2.o)
    0x080001c0   0x080001c0   0x000000ba   Code   RO         7854    .emb_text           port.o
    0x0800027a   0x0800027a   0x00000002   PAD
    0x0800027c   0x0800027c   0x00000024   Code   RO            4    .text               startup_stm32f427xx.o
    0x080002a0   0x080002a0   0x00000062   Code   RO         8143    .text               mc_w.l(uldiv.o)
    0x08000302   0x08000302   0x00000024   Code   RO         8145    .text               mc_w.l(memcpya.o)
    0x08000326   0x08000326   0x00000024   Code   RO         8147    .text               mc_w.l(memseta.o)
    0x0800034a   0x0800034a   0x0000014e   Code   RO         8151    .text               mf_w.l(dadd.o)
    0x08000498   0x08000498   0x000000e4   Code   RO         8153    .text               mf_w.l(dmul.o)
    0x0800057c   0x0800057c   0x00000022   Code   RO         8157    .text               mf_w.l(dflti.o)
    0x0800059e   0x0800059e   0x0000003e   Code   RO         8161    .text               mf_w.l(dfixi.o)
    0x080005dc   0x080005dc   0x00000026   Code   RO         8165    .text               mf_w.l(f2d.o)
    0x08000602   0x08000602   0x00000002   PAD
    0x08000604   0x08000604   0x00000030   Code   RO         8167    .text               mf_w.l(cdcmple.o)
    0x08000634   0x08000634   0x00000030   Code   RO         8169    .text               mf_w.l(cdrcmple.o)
    0x08000664   0x08000664   0x00000038   Code   RO         8171    .text               mf_w.l(d2f.o)
    0x0800069c   0x0800069c   0x0000001e   Code   RO         8256    .text               mc_w.l(llshl.o)
    0x080006ba   0x080006ba   0x00000020   Code   RO         8258    .text               mc_w.l(llushr.o)
    0x080006da   0x080006da   0x00000024   Code   RO         8260    .text               mc_w.l(llsshr.o)
    0x080006fe   0x080006fe   0x00000000   Code   RO         8269    .text               mc_w.l(iusefp.o)
    0x080006fe   0x080006fe   0x0000006e   Code   RO         8270    .text               mf_w.l(fepilogue.o)
    0x0800076c   0x0800076c   0x000000ba   Code   RO         8272    .text               mf_w.l(depilogue.o)
    0x08000826   0x08000826   0x00000002   PAD
    0x08000828   0x08000828   0x00000024   Code   RO         8280    .text               mc_w.l(init.o)
    0x0800084c   0x0800084c   0x00000056   Code   RO         8290    .text               mc_w.l(__dczerorl2.o)
    0x080008a2   0x080008a2   0x00000002   PAD
    0x080008a4   0x080008a4   0x00000124   Code   RO         2881    i.ADC_Init          stm32f4xx_hal_adc.o
    0x080009c8   0x080009c8   0x00000108   Code   RO         1649    i.ADRC_Init         adrc.o
    0x08000ad0   0x08000ad0   0x0000008c   Code   RO         1343    i.All_kalman_init   filter.o
    0x08000b5c   0x08000b5c   0x00000028   Code   RO         1061    i.Append_CRC16_Check_Sum  referee_system.o
    0x08000b84   0x08000b84   0x0000001c   Code   RO         1062    i.Append_CRC8_Check_Sum  referee_system.o
    0x08000ba0   0x08000ba0   0x00000104   Code   RO           13    i.BSP_Init          app.o
    0x08000ca4   0x08000ca4   0x00000002   Code   RO         2664    i.BusFault_Handler  stm32f4xx_it.o
    0x08000ca6   0x08000ca6   0x00000006   Code   RO         2260    i.Buzzy_Task        freertos.o
    0x08000cac   0x08000cac   0x000000e0   Code   RO         2109    i.CAN1_Data_Proess  can.o
    0x08000d8c   0x08000d8c   0x00000018   Code   RO         2665    i.CAN1_RX0_IRQHandler  stm32f4xx_it.o
    0x08000da4   0x08000da4   0x00000020   Code   RO         2111    i.CAN1_Receive_Msg_PTZ  can.o
    0x08000dc4   0x08000dc4   0x0000002c   Code   RO         2113    i.CAN1_Send_Msg_PTZ  can.o
    0x08000df0   0x08000df0   0x000000a4   Code   RO         2114    i.CAN2_Data_Proess  can.o
    0x08000e94   0x08000e94   0x00000018   Code   RO         2666    i.CAN2_RX1_IRQHandler  stm32f4xx_it.o
    0x08000eac   0x08000eac   0x00000020   Code   RO         2116    i.CAN2_Receive_Msg_Chassis  can.o
    0x08000ecc   0x08000ecc   0x0000002c   Code   RO         2117    i.CAN2_Send_Msg_CAP  can.o
    0x08000ef8   0x08000ef8   0x0000002c   Code   RO         2118    i.CAN2_Send_Msg_Chassis  can.o
    0x08000f24   0x08000f24   0x0000008c   Code   RO         2119    i.CanFilter_Init    can.o
    0x08000fb0   0x08000fb0   0x000000b4   Code   RO          557    i.Capacity_Data_Send  capacity.o
    0x08001064   0x08001064   0x00000014   Code   RO         2261    i.Capacity_Task     freertos.o
    0x08001078   0x08001078   0x000000ac   Code   RO          597    i.Chassis_Data_Send  chassis.o
    0x08001124   0x08001124   0x000000b0   Code   RO          598    i.Chassis_Motor_Control  chassis.o
    0x080011d4   0x080011d4   0x00000270   Code   RO          599    i.Chassis_Power_Control  chassis.o
    0x08001444   0x08001444   0x00000278   Code   RO          600    i.Chassis_Rotate_Control  chassis.o
    0x080016bc   0x080016bc   0x00000028   Code   RO          601    i.Chassis_Speed_Ref_Init  chassis.o
    0x080016e4   0x080016e4   0x00000018   Code   RO         2262    i.Chassis_Task      freertos.o
    0x080016fc   0x080016fc   0x00000124   Code   RO         1063    i.Client_custom_robot_data_Send  referee_system.o
    0x08001820   0x08001820   0x00000052   Code   RO         1344    i.DATA_delay        filter.o
    0x08001872   0x08001872   0x00000002   PAD
    0x08001874   0x08001874   0x0000000c   Code   RO         2667    i.DMA1_Stream3_IRQHandler  stm32f4xx_it.o
    0x08001880   0x08001880   0x0000000c   Code   RO         2668    i.DMA1_Stream5_IRQHandler  stm32f4xx_it.o
    0x0800188c   0x0800188c   0x0000000c   Code   RO         2669    i.DMA1_Stream6_IRQHandler  stm32f4xx_it.o
    0x08001898   0x08001898   0x0000000c   Code   RO         2670    i.DMA2_Stream1_IRQHandler  stm32f4xx_it.o
    0x080018a4   0x080018a4   0x0000000c   Code   RO         2671    i.DMA2_Stream2_IRQHandler  stm32f4xx_it.o
    0x080018b0   0x080018b0   0x00000028   Code   RO         5507    i.DMA_CalcBaseAndBitshift  stm32f4xx_hal_dma.o
    0x080018d8   0x080018d8   0x00000054   Code   RO         5508    i.DMA_CheckFifoParam  stm32f4xx_hal_dma.o
    0x0800192c   0x0800192c   0x00000028   Code   RO         5509    i.DMA_SetConfig     stm32f4xx_hal_dma.o
    0x08001954   0x08001954   0x00000002   Code   RO         2672    i.DebugMon_Handler  stm32f4xx_it.o
    0x08001956   0x08001956   0x00000002   PAD
    0x08001958   0x08001958   0x00000080   Code   RO         1179    i.DetectDisplay     detect.o
    0x080019d8   0x080019d8   0x0000002c   Code   RO         1180    i.DetectHook        detect.o
    0x08001a04   0x08001a04   0x00000070   Code   RO         1181    i.DetectInit        detect.o
    0x08001a74   0x08001a74   0x00000020   Code   RO         2673    i.EXTI9_5_IRQHandler  stm32f4xx_it.o
    0x08001a94   0x08001a94   0x000000e4   Code   RO          689    i.EncoderProcess    motorhead.o
    0x08001b78   0x08001b78   0x00000094   Code   RO          690    i.EncoderProcessHIT  motorhead.o
    0x08001c0c   0x08001c0c   0x00000002   Code   RO         1960    i.Error_Handler     main.o
    0x08001c0e   0x08001c0e   0x00000002   PAD
    0x08001c10   0x08001c10   0x00000140   Code   RO         1278    i.FPID_Init         fuzzy_pid.o
    0x08001d50   0x08001d50   0x0000004c   Code   RO          773    i.Friction_2312_Init  gimbal.o
    0x08001d9c   0x08001d9c   0x00000004   Code   RO          778    i.Friction_Init     gimbal.o
    0x08001da0   0x08001da0   0x00000016   Code   RO          779    i.Friction_OFF      gimbal.o
    0x08001db6   0x08001db6   0x00000012   Code   RO          780    i.Friction_ON       gimbal.o
    0x08001dc8   0x08001dc8   0x00000018   Code   RO          691    i.GetEncoderBias    motorhead.o
    0x08001de0   0x08001de0   0x0000000e   Code   RO          692    i.GetEncoderBias_P  motorhead.o
    0x08001dee   0x08001dee   0x00000002   PAD
    0x08001df0   0x08001df0   0x0000001c   Code   RO          693    i.GetEncoderBias_Y  motorhead.o
    0x08001e0c   0x08001e0c   0x0000000c   Code   RO          447    i.GetInputMode      remote.o
    0x08001e18   0x08001e18   0x000001d0   Code   RO         1727    i.GetPitchYawGxGyGz  imu.o
    0x08001fe8   0x08001fe8   0x00000040   Code   RO          694    i.GetY_sin_cos      motorhead.o
    0x08002028   0x08002028   0x0000002c   Code   RO         1066    i.Get_CRC16_Check_Sum  referee_system.o
    0x08002054   0x08002054   0x0000001c   Code   RO         1067    i.Get_CRC8_Check_Sum  referee_system.o
    0x08002070   0x08002070   0x00000084   Code   RO          602    i.Get_Power         chassis.o
    0x080020f4   0x080020f4   0x0000000c   Code   RO         2397    i.Get_Time5_Micros  tim.o
    0x08002100   0x08002100   0x000000ec   Code   RO          603    i.Get_chassis_motor_power  chassis.o
    0x080021ec   0x080021ec   0x00000220   Code   RO          781    i.Gimbal_Control    gimbal.o
    0x0800240c   0x0800240c   0x0000004c   Code   RO          782    i.Gimbal_ControlData_Get  gimbal.o
    0x08002458   0x08002458   0x0000007c   Code   RO          783    i.Gimbal_Data_Send  gimbal.o
    0x080024d4   0x080024d4   0x0000012c   Code   RO          785    i.Gimbal_Init       gimbal.o
    0x08002600   0x08002600   0x00000010   Code   RO         2263    i.Gimbal_Task       freertos.o
    0x08002610   0x08002610   0x00000154   Code   RO         2883    i.HAL_ADC_ConfigChannel  stm32f4xx_hal_adc.o
    0x08002764   0x08002764   0x00000054   Code   RO         2892    i.HAL_ADC_Init      stm32f4xx_hal_adc.o
    0x080027b8   0x080027b8   0x00000060   Code   RO         2048    i.HAL_ADC_MspInit   adc.o
    0x08002818   0x08002818   0x000000bc   Code   RO         2898    i.HAL_ADC_Start     stm32f4xx_hal_adc.o
    0x080028d4   0x080028d4   0x00000028   Code   RO         3154    i.HAL_CAN_ActivateNotification  stm32f4xx_hal_can.o
    0x080028fc   0x080028fc   0x000000c8   Code   RO         3155    i.HAL_CAN_AddTxMessage  stm32f4xx_hal_can.o
    0x080029c4   0x080029c4   0x0000010c   Code   RO         3156    i.HAL_CAN_ConfigFilter  stm32f4xx_hal_can.o
    0x08002ad0   0x08002ad0   0x000000fa   Code   RO         3162    i.HAL_CAN_GetRxMessage  stm32f4xx_hal_can.o
    0x08002bca   0x08002bca   0x0000011a   Code   RO         3167    i.HAL_CAN_Init      stm32f4xx_hal_can.o
    0x08002ce4   0x08002ce4   0x000000dc   Code   RO         2122    i.HAL_CAN_MspInit   can.o
    0x08002dc0   0x08002dc0   0x00000058   Code   RO         3179    i.HAL_CAN_Start     stm32f4xx_hal_can.o
    0x08002e18   0x08002e18   0x0000008e   Code   RO         5510    i.HAL_DMA_Abort     stm32f4xx_hal_dma.o
    0x08002ea6   0x08002ea6   0x00000002   PAD
    0x08002ea8   0x08002ea8   0x000001a0   Code   RO         5515    i.HAL_DMA_IRQHandler  stm32f4xx_hal_dma.o
    0x08003048   0x08003048   0x000000d4   Code   RO         5516    i.HAL_DMA_Init      stm32f4xx_hal_dma.o
    0x0800311c   0x0800311c   0x00000078   Code   RO         5520    i.HAL_DMA_Start_IT  stm32f4xx_hal_dma.o
    0x08003194   0x08003194   0x000001cc   Code   RO         5403    i.HAL_GPIO_Init     stm32f4xx_hal_gpio.o
    0x08003360   0x08003360   0x0000000a   Code   RO         5407    i.HAL_GPIO_WritePin  stm32f4xx_hal_gpio.o
    0x0800336a   0x0800336a   0x00000002   PAD
    0x0800336c   0x0800336c   0x0000000c   Code   RO         5955    i.HAL_GetTick       stm32f4xx_hal.o
    0x08003378   0x08003378   0x00000010   Code   RO         5959    i.HAL_IncTick       stm32f4xx_hal.o
    0x08003388   0x08003388   0x00000034   Code   RO         5960    i.HAL_Init          stm32f4xx_hal.o
    0x080033bc   0x080033bc   0x00000074   Code   RO         2839    i.HAL_InitTick      stm32f4xx_hal_timebase_tim.o
    0x08003430   0x08003430   0x00000038   Code   RO         2815    i.HAL_MspInit       stm32f4xx_hal_msp.o
    0x08003468   0x08003468   0x0000008e   Code   RO         4677    i.HAL_MultiProcessor_Init  stm32f4xx_hal_uart.o
    0x080034f6   0x080034f6   0x00000016   Code   RO         5810    i.HAL_NVIC_EnableIRQ  stm32f4xx_hal_cortex.o
    0x0800350c   0x0800350c   0x00000040   Code   RO         5816    i.HAL_NVIC_SetPriority  stm32f4xx_hal_cortex.o
    0x0800354c   0x0800354c   0x00000024   Code   RO         5817    i.HAL_NVIC_SetPriorityGrouping  stm32f4xx_hal_cortex.o
    0x08003570   0x08003570   0x00000070   Code   RO         5739    i.HAL_PWREx_EnableOverDrive  stm32f4xx_hal_pwr_ex.o
    0x080035e0   0x080035e0   0x00000130   Code   RO         4997    i.HAL_RCC_ClockConfig  stm32f4xx_hal_rcc.o
    0x08003710   0x08003710   0x00000040   Code   RO         5001    i.HAL_RCC_GetClockConfig  stm32f4xx_hal_rcc.o
    0x08003750   0x08003750   0x00000020   Code   RO         5004    i.HAL_RCC_GetPCLK1Freq  stm32f4xx_hal_rcc.o
    0x08003770   0x08003770   0x00000020   Code   RO         5005    i.HAL_RCC_GetPCLK2Freq  stm32f4xx_hal_rcc.o
    0x08003790   0x08003790   0x00000064   Code   RO         5006    i.HAL_RCC_GetSysClockFreq  stm32f4xx_hal_rcc.o
    0x080037f4   0x080037f4   0x0000031c   Code   RO         5009    i.HAL_RCC_OscConfig  stm32f4xx_hal_rcc.o
    0x08003b10   0x08003b10   0x0000006a   Code   RO         3389    i.HAL_RNG_GenerateRandomNumber  stm32f4xx_hal_rng.o
    0x08003b7a   0x08003b7a   0x00000030   Code   RO         3395    i.HAL_RNG_Init      stm32f4xx_hal_rng.o
    0x08003baa   0x08003baa   0x00000002   PAD
    0x08003bac   0x08003bac   0x00000028   Code   RO         2529    i.HAL_RNG_MspInit   rng.o
    0x08003bd4   0x08003bd4   0x00000080   Code   RO         3494    i.HAL_SPI_Init      stm32f4xx_hal_spi.o
    0x08003c54   0x08003c54   0x0000006c   Code   RO         2354    i.HAL_SPI_MspInit   spi.o
    0x08003cc0   0x08003cc0   0x00000002   Code   RO         4431    i.HAL_TIMEx_BreakCallback  stm32f4xx_hal_tim_ex.o
    0x08003cc2   0x08003cc2   0x00000002   Code   RO         4432    i.HAL_TIMEx_CommutationCallback  stm32f4xx_hal_tim_ex.o
    0x08003cc4   0x08003cc4   0x0000005a   Code   RO         4433    i.HAL_TIMEx_ConfigBreakDeadTime  stm32f4xx_hal_tim_ex.o
    0x08003d1e   0x08003d1e   0x00000050   Code   RO         4448    i.HAL_TIMEx_MasterConfigSynchronization  stm32f4xx_hal_tim_ex.o
    0x08003d6e   0x08003d6e   0x00000036   Code   RO         3802    i.HAL_TIM_Base_Init  stm32f4xx_hal_tim.o
    0x08003da4   0x08003da4   0x0000009c   Code   RO         2399    i.HAL_TIM_Base_MspInit  tim.o
    0x08003e40   0x08003e40   0x0000001a   Code   RO         3805    i.HAL_TIM_Base_Start  stm32f4xx_hal_tim.o
    0x08003e5a   0x08003e5a   0x00000018   Code   RO         3807    i.HAL_TIM_Base_Start_IT  stm32f4xx_hal_tim.o
    0x08003e72   0x08003e72   0x000000f2   Code   RO         3811    i.HAL_TIM_ConfigClockSource  stm32f4xx_hal_tim.o
    0x08003f64   0x08003f64   0x00000002   Code   RO         3831    i.HAL_TIM_IC_CaptureCallback  stm32f4xx_hal_tim.o
    0x08003f66   0x08003f66   0x00000166   Code   RO         3844    i.HAL_TIM_IRQHandler  stm32f4xx_hal_tim.o
    0x080040cc   0x080040cc   0x000000e4   Code   RO         2400    i.HAL_TIM_MspPostInit  tim.o
    0x080041b0   0x080041b0   0x00000002   Code   RO         3847    i.HAL_TIM_OC_DelayElapsedCallback  stm32f4xx_hal_tim.o
    0x080041b2   0x080041b2   0x000000d0   Code   RO         3868    i.HAL_TIM_PWM_ConfigChannel  stm32f4xx_hal_tim.o
    0x08004282   0x08004282   0x00000036   Code   RO         3871    i.HAL_TIM_PWM_Init  stm32f4xx_hal_tim.o
    0x080042b8   0x080042b8   0x00000002   Code   RO         3873    i.HAL_TIM_PWM_MspInit  stm32f4xx_hal_tim.o
    0x080042ba   0x080042ba   0x00000002   Code   RO         3874    i.HAL_TIM_PWM_PulseFinishedCallback  stm32f4xx_hal_tim.o
    0x080042bc   0x080042bc   0x00000038   Code   RO         3875    i.HAL_TIM_PWM_Start  stm32f4xx_hal_tim.o
    0x080042f4   0x080042f4   0x0000005c   Code   RO         3878    i.HAL_TIM_PWM_Stop  stm32f4xx_hal_tim.o
    0x08004350   0x08004350   0x00000014   Code   RO         1961    i.HAL_TIM_PeriodElapsedCallback  main.o
    0x08004364   0x08004364   0x00000002   Code   RO         3885    i.HAL_TIM_TriggerCallback  stm32f4xx_hal_tim.o
    0x08004366   0x08004366   0x00000058   Code   RO         4689    i.HAL_UART_DMAStop  stm32f4xx_hal_uart.o
    0x080043be   0x080043be   0x00000002   Code   RO         4691    i.HAL_UART_ErrorCallback  stm32f4xx_hal_uart.o
    0x080043c0   0x080043c0   0x0000031c   Code   RO         2583    i.HAL_UART_MspInit  usart.o
    0x080046dc   0x080046dc   0x00000098   Code   RO         4699    i.HAL_UART_Receive_DMA  stm32f4xx_hal_uart.o
    0x08004774   0x08004774   0x00000064   Code   RO         2674    i.HAL_UART_RxCpltCallback  stm32f4xx_it.o
    0x080047d8   0x080047d8   0x00000002   Code   RO         4702    i.HAL_UART_RxHalfCpltCallback  stm32f4xx_hal_uart.o
    0x080047da   0x080047da   0x000000ba   Code   RO         4703    i.HAL_UART_Transmit  stm32f4xx_hal_uart.o
    0x08004894   0x08004894   0x00000002   Code   RO         2675    i.HardFault_Handler  stm32f4xx_it.o
    0x08004896   0x08004896   0x00000002   PAD
    0x08004898   0x08004898   0x00000014   Code   RO         2264    i.IMU_Task          freertos.o
    0x080048ac   0x080048ac   0x00000098   Code   RO         2265    i.Judge_Task        freertos.o
    0x08004944   0x08004944   0x00000060   Code   RO         2049    i.MX_ADC1_Init      adc.o
    0x080049a4   0x080049a4   0x00000044   Code   RO         2123    i.MX_CAN1_Init      can.o
    0x080049e8   0x080049e8   0x00000044   Code   RO         2124    i.MX_CAN2_Init      can.o
    0x08004a2c   0x08004a2c   0x0000007c   Code   RO         2233    i.MX_DMA_Init       dma.o
    0x08004aa8   0x08004aa8   0x000000e8   Code   RO         2266    i.MX_FREERTOS_Init  freertos.o
    0x08004b90   0x08004b90   0x00000180   Code   RO         2018    i.MX_GPIO_Init      gpio.o
    0x08004d10   0x08004d10   0x00000080   Code   RO         1962    i.MX_NVIC_Init      main.o
    0x08004d90   0x08004d90   0x00000024   Code   RO         2530    i.MX_RNG_Init       rng.o
    0x08004db4   0x08004db4   0x00000048   Code   RO         2355    i.MX_SPI5_Init      spi.o
    0x08004dfc   0x08004dfc   0x00000084   Code   RO         2401    i.MX_TIM12_Init     tim.o
    0x08004e80   0x08004e80   0x00000064   Code   RO         2402    i.MX_TIM2_Init      tim.o
    0x08004ee4   0x08004ee4   0x00000098   Code   RO         2403    i.MX_TIM3_Init      tim.o
    0x08004f7c   0x08004f7c   0x000000b8   Code   RO         2404    i.MX_TIM4_Init      tim.o
    0x08005034   0x08005034   0x00000064   Code   RO         2405    i.MX_TIM5_Init      tim.o
    0x08005098   0x08005098   0x000000c8   Code   RO         2406    i.MX_TIM8_Init      tim.o
    0x08005160   0x08005160   0x0000003c   Code   RO         2584    i.MX_UART7_Init     usart.o
    0x0800519c   0x0800519c   0x0000003c   Code   RO         2585    i.MX_UART8_Init     usart.o
    0x080051d8   0x080051d8   0x0000003c   Code   RO         2586    i.MX_USART1_UART_Init  usart.o
    0x08005214   0x08005214   0x0000003c   Code   RO         2587    i.MX_USART2_UART_Init  usart.o
    0x08005250   0x08005250   0x0000003c   Code   RO         2588    i.MX_USART3_UART_Init  usart.o
    0x0800528c   0x0800528c   0x0000003c   Code   RO         2589    i.MX_USART6_UART_Init  usart.o
    0x080052c8   0x080052c8   0x00000010   Code   RO         2407    i.Magaine_OFF       tim.o
    0x080052d8   0x080052d8   0x00000010   Code   RO         2408    i.Magaine_ON        tim.o
    0x080052e8   0x080052e8   0x00000002   Code   RO         2676    i.MemManage_Handler  stm32f4xx_it.o
    0x080052ea   0x080052ea   0x0000002c   Code   RO         2267    i.MinPC_Task        freertos.o
    0x08005316   0x08005316   0x00000002   PAD
    0x08005318   0x08005318   0x00000600   Code   RO          448    i.MouseKeyControlProcess  remote.o
    0x08005918   0x08005918   0x000000d8   Code   RO          449    i.MouseShootControl  remote.o
    0x080059f0   0x080059f0   0x00000002   Code   RO         2677    i.NMI_Handler       stm32f4xx_it.o
    0x080059f2   0x080059f2   0x00000020   Code   RO         5823    i.NVIC_SetPriority  stm32f4xx_hal_cortex.o
    0x08005a12   0x08005a12   0x00000002   PAD
    0x08005a14   0x08005a14   0x000000bc   Code   RO          337    i.PID_Clear         pid.o
    0x08005ad0   0x08005ad0   0x00000174   Code   RO          338    i.PID_Control       pid.o
    0x08005c44   0x08005c44   0x0000012c   Code   RO          604    i.PID_Expect        chassis.o
    0x08005d70   0x08005d70   0x0000004e   Code   RO          339    i.PID_Increment     pid.o
    0x08005dbe   0x08005dbe   0x00000002   PAD
    0x08005dc0   0x08005dc0   0x000002dc   Code   RO          340    i.PID_Init          pid.o
    0x0800609c   0x0800609c   0x00000014   Code   RO          341    i.PID_Limit_Out     pid.o
    0x080060b0   0x080060b0   0x00000054   Code   RO         1531    i.PLAY              init_music.o
    0x08006104   0x08006104   0x00000020   Code   RO          695    i.PTZ_Parameter_Init  motorhead.o
    0x08006124   0x08006124   0x00000038   Code   RO         1069    i.Real_time_Shoot_data_processing  referee_system.o
    0x0800615c   0x0800615c   0x00000070   Code   RO         1070    i.Real_time_power_and_heat_data_processing  referee_system.o
    0x080061cc   0x080061cc   0x000000f4   Code   RO          450    i.RemoteControlProcess  remote.o
    0x080062c0   0x080062c0   0x00000164   Code   RO          451    i.RemoteShootControl  remote.o
    0x08006424   0x08006424   0x000000c8   Code   RO          452    i.Remote_Data_Process  remote.o
    0x080064ec   0x080064ec   0x00000048   Code   RO          453    i.Remote_Offline_Slove  remote.o
    0x08006534   0x08006534   0x00000034   Code   RO         2268    i.Remote_Task       freertos.o
    0x08006568   0x08006568   0x00000034   Code   RO          915    i.ResetSlope        ramp.o
    0x0800659c   0x0800659c   0x0000001c   Code   RO         1071    i.Robot_hurt_status_data_processing  referee_system.o
    0x080065b8   0x080065b8   0x0000001c   Code   RO          454    i.SetInputMode      remote.o
    0x080065d4   0x080065d4   0x000000e8   Code   RO          606    i.Set_twist_angle   chassis.o
    0x080066bc   0x080066bc   0x000000bc   Code   RO          455    i.Shoot_Control     remote.o
    0x08006778   0x08006778   0x000001a4   Code   RO          916    i.Slope             ramp.o
    0x0800691c   0x0800691c   0x000000d4   Code   RO         2269    i.Start_Task        freertos.o
    0x080069f0   0x080069f0   0x0000002c   Code   RO         7855    i.SysTick_Handler   port.o
    0x08006a1c   0x08006a1c   0x00000094   Code   RO         1963    i.SystemClock_Config  main.o
    0x08006ab0   0x08006ab0   0x00000054   Code   RO         6708    i.SystemInit        system_stm32f4xx.o
    0x08006b04   0x08006b04   0x0000008c   Code   RO         2678    i.TIM3_IRQHandler   stm32f4xx_it.o
    0x08006b90   0x08006b90   0x0000000c   Code   RO         2679    i.TIM6_DAC_IRQHandler  stm32f4xx_it.o
    0x08006b9c   0x08006b9c   0x000000c0   Code   RO         3886    i.TIM_Base_SetConfig  stm32f4xx_hal_tim.o
    0x08006c5c   0x08006c5c   0x00000016   Code   RO         3887    i.TIM_CCxChannelCmd  stm32f4xx_hal_tim.o
    0x08006c72   0x08006c72   0x00000014   Code   RO         3893    i.TIM_ETR_SetConfig  stm32f4xx_hal_tim.o
    0x08006c86   0x08006c86   0x00000010   Code   RO         3894    i.TIM_ITRx_SetConfig  stm32f4xx_hal_tim.o
    0x08006c96   0x08006c96   0x00000002   PAD
    0x08006c98   0x08006c98   0x00000058   Code   RO         3895    i.TIM_OC1_SetConfig  stm32f4xx_hal_tim.o
    0x08006cf0   0x08006cf0   0x00000064   Code   RO         3896    i.TIM_OC2_SetConfig  stm32f4xx_hal_tim.o
    0x08006d54   0x08006d54   0x00000060   Code   RO         3897    i.TIM_OC3_SetConfig  stm32f4xx_hal_tim.o
    0x08006db4   0x08006db4   0x00000050   Code   RO         3898    i.TIM_OC4_SetConfig  stm32f4xx_hal_tim.o
    0x08006e04   0x08006e04   0x0000000c   Code   RO         2411    i.TIM_SetTIM4Compare1  tim.o
    0x08006e10   0x08006e10   0x0000000c   Code   RO         2412    i.TIM_SetTIM4Compare2  tim.o
    0x08006e1c   0x08006e1c   0x00000022   Code   RO         3900    i.TIM_TI1_ConfigInputStage  stm32f4xx_hal_tim.o
    0x08006e3e   0x08006e3e   0x00000024   Code   RO         3902    i.TIM_TI2_ConfigInputStage  stm32f4xx_hal_tim.o
    0x08006e62   0x08006e62   0x00000002   PAD
    0x08006e64   0x08006e64   0x00000038   Code   RO           14    i.Task_Resume       app.o
    0x08006e9c   0x08006e9c   0x00000044   Code   RO           15    i.Task_Suspend      app.o
    0x08006ee0   0x08006ee0   0x00000084   Code   RO         2680    i.UART7_IRQHandler  stm32f4xx_it.o
    0x08006f64   0x08006f64   0x0000003c   Code   RO         2681    i.UART8_IRQHandler  stm32f4xx_it.o
    0x08006fa0   0x08006fa0   0x0000004a   Code   RO         4709    i.UART_DMAError     stm32f4xx_hal_uart.o
    0x08006fea   0x08006fea   0x0000003c   Code   RO         4710    i.UART_DMAReceiveCplt  stm32f4xx_hal_uart.o
    0x08007026   0x08007026   0x0000000a   Code   RO         4712    i.UART_DMARxHalfCplt  stm32f4xx_hal_uart.o
    0x08007030   0x08007030   0x0000001c   Code   RO         4718    i.UART_EndRxTransfer  stm32f4xx_hal_uart.o
    0x0800704c   0x0800704c   0x00000012   Code   RO         4719    i.UART_EndTxTransfer  stm32f4xx_hal_uart.o
    0x0800705e   0x0800705e   0x00000002   PAD
    0x08007060   0x08007060   0x000002ac   Code   RO         4721    i.UART_SetConfig    stm32f4xx_hal_uart.o
    0x0800730c   0x0800730c   0x00000064   Code   RO         4723    i.UART_WaitOnFlagUntilTimeout  stm32f4xx_hal_uart.o
    0x08007370   0x08007370   0x00000070   Code   RO         2682    i.USART1_IRQHandler  stm32f4xx_it.o
    0x080073e0   0x080073e0   0x00000080   Code   RO         2683    i.USART2_IRQHandler  stm32f4xx_it.o
    0x08007460   0x08007460   0x00000074   Code   RO         2684    i.USART6_IRQHandler  stm32f4xx_it.o
    0x080074d4   0x080074d4   0x00000002   Code   RO         2685    i.UsageFault_Handler  stm32f4xx_it.o
    0x080074d6   0x080074d6   0x00000002   PAD
    0x080074d8   0x080074d8   0x00000104   Code   RO         1919    i.Usart_Imu_Data_Process  usart_imu.o
    0x080075dc   0x080075dc   0x0000003c   Code   RO         1073    i.Verify_CRC16_Check_Sum  referee_system.o
    0x08007618   0x08007618   0x00000058   Code   RO         1183    i.Wait_Motor_Power_On  detect.o
    0x08007670   0x08007670   0x000001dc   Code   RO          456    i.WalkControl       remote.o
    0x0800784c   0x0800784c   0x0000000e   Code   RO         8284    i.__scatterload_copy  mc_w.l(handlers.o)
    0x0800785a   0x0800785a   0x00000002   Code   RO         8285    i.__scatterload_null  mc_w.l(handlers.o)
    0x0800785c   0x0800785c   0x0000000e   Code   RO         8286    i.__scatterload_zeroinit  mc_w.l(handlers.o)
    0x0800786a   0x0800786a   0x00000002   PAD
    0x0800786c   0x0800786c   0x000001ec   Code   RO         1603    i.aimauto_control   aimauto.o
    0x08007a58   0x08007a58   0x00000078   Code   RO         6467    i.arm_cos_f32       arm_cos_f32.o
    0x08007ad0   0x08007ad0   0x0000007c   Code   RO         6515    i.arm_mat_add_f32   arm_mat_add_f32.o
    0x08007b4c   0x08007b4c   0x00000008   Code   RO         6563    i.arm_mat_init_f32  arm_mat_init_f32.o
    0x08007b54   0x08007b54   0x00000264   Code   RO         6587    i.arm_mat_inverse_f32  arm_mat_inverse_f32.o
    0x08007db8   0x08007db8   0x000000dc   Code   RO         6611    i.arm_mat_mult_f32  arm_mat_mult_f32.o
    0x08007e94   0x08007e94   0x0000007c   Code   RO         6659    i.arm_mat_sub_f32   arm_mat_sub_f32.o
    0x08007f10   0x08007f10   0x0000007a   Code   RO         6683    i.arm_mat_trans_f32  arm_mat_trans_f32.o
    0x08007f8a   0x08007f8a   0x00000002   PAD
    0x08007f8c   0x08007f8c   0x00000084   Code   RO         6491    i.arm_sin_f32       arm_sin_f32.o
    0x08008010   0x08008010   0x000001f0   Code   RO          457    i.cartridge         remote.o
    0x08008200   0x08008200   0x0000005c   Code   RO         1734    i.diff_convert_yaw  imu.o
    0x0800825c   0x0800825c   0x00000134   Code   RO         1345    i.kalman_filter_calc  filter.o
    0x08008390   0x08008390   0x000000f2   Code   RO         1346    i.kalman_filter_init  filter.o
    0x08008482   0x08008482   0x00000062   Code   RO         1964    i.main              main.o
    0x080084e4   0x080084e4   0x0000000c   Code   RO         7432    i.makeFreeRtosPriority  cmsis_os.o
    0x080084f0   0x080084f0   0x0000000a   Code   RO         7437    i.osKernelStart     cmsis_os.o
    0x080084fa   0x080084fa   0x0000002e   Code   RO         7471    i.osThreadCreate    cmsis_os.o
    0x08008528   0x08008528   0x00000038   Code   RO         1532    i.playCanghaixiaoMusic  init_music.o
    0x08008560   0x08008560   0x00000038   Code   RO         1533    i.playNufangMusic   init_music.o
    0x08008598   0x08008598   0x00000038   Code   RO         1534    i.playSuperMarioMusic  init_music.o
    0x080085d0   0x080085d0   0x00000038   Code   RO         1535    i.playqinghauciMusic  init_music.o
    0x08008608   0x08008608   0x00000038   Code   RO         1536    i.playrobotcatMusic  init_music.o
    0x08008640   0x08008640   0x00000070   Code   RO         7051    i.prvAddCurrentTaskToDelayedList  tasks.o
    0x080086b0   0x080086b0   0x000000d0   Code   RO         7052    i.prvAddNewTaskToReadyList  tasks.o
    0x08008780   0x08008780   0x00000050   Code   RO         7313    i.prvCheckForValidListAndQueue  timers.o
    0x080087d0   0x080087d0   0x00000050   Code   RO         7053    i.prvCheckTasksWaitingTermination  tasks.o
    0x08008820   0x08008820   0x00000026   Code   RO         6908    i.prvCopyDataFromQueue  queue.o
    0x08008846   0x08008846   0x0000005a   Code   RO         6909    i.prvCopyDataToQueue  queue.o
    0x080088a0   0x080088a0   0x00000014   Code   RO         7054    i.prvDeleteTCB      tasks.o
    0x080088b4   0x080088b4   0x0000004c   Code   RO         7805    i.prvHeapInit       heap_4.o
    0x08008900   0x08008900   0x0000002c   Code   RO         7055    i.prvIdleTask       tasks.o
    0x0800892c   0x0800892c   0x0000008a   Code   RO         7056    i.prvInitialiseNewTask  tasks.o
    0x080089b6   0x080089b6   0x00000002   PAD
    0x080089b8   0x080089b8   0x0000004c   Code   RO         7806    i.prvInsertBlockIntoFreeList  heap_4.o
    0x08008a04   0x08008a04   0x00000038   Code   RO         7314    i.prvInsertTimerInActiveList  timers.o
    0x08008a3c   0x08008a3c   0x0000001c   Code   RO         6910    i.prvIsQueueEmpty   queue.o
    0x08008a58   0x08008a58   0x000000b8   Code   RO         7315    i.prvProcessReceivedCommands  timers.o
    0x08008b10   0x08008b10   0x000000b4   Code   RO         7316    i.prvProcessTimerOrBlockTask  timers.o
    0x08008bc4   0x08008bc4   0x00000020   Code   RO         7057    i.prvResetNextTaskUnblockTime  tasks.o
    0x08008be4   0x08008be4   0x00000028   Code   RO         7317    i.prvSampleTimeNow  timers.o
    0x08008c0c   0x08008c0c   0x0000006c   Code   RO         7318    i.prvSwitchTimerLists  timers.o
    0x08008c78   0x08008c78   0x00000028   Code   RO         7856    i.prvTaskExitError  port.o
    0x08008ca0   0x08008ca0   0x00000034   Code   RO         7058    i.prvTaskIsTaskSuspended  tasks.o
    0x08008cd4   0x08008cd4   0x00000024   Code   RO         7319    i.prvTimerTask      timers.o
    0x08008cf8   0x08008cf8   0x0000006a   Code   RO         6911    i.prvUnlockQueue    queue.o
    0x08008d62   0x08008d62   0x00000002   PAD
    0x08008d64   0x08008d64   0x000000d8   Code   RO         7807    i.pvPortMalloc      heap_4.o
    0x08008e3c   0x08008e3c   0x0000002c   Code   RO         7857    i.pxPortInitialiseStack  port.o
    0x08008e68   0x08008e68   0x0000002c   Code   RO         1537    i.random_play       init_music.o
    0x08008e94   0x08008e94   0x0000007a   Code   RO         1075    i.referee_system_Rx  referee_system.o
    0x08008f0e   0x08008f0e   0x00000002   PAD
    0x08008f10   0x08008f10   0x0000002c   Code   RO         2531    i.set_random        rng.o
    0x08008f3c   0x08008f3c   0x00000014   Code   RO         1538    i.set_random_music  init_music.o
    0x08008f50   0x08008f50   0x000000bc   Code   RO         1347    i.target_speed_calc  filter.o
    0x0800900c   0x0800900c   0x00000068   Code   RO         7059    i.ulTaskNotifyTake  tasks.o
    0x08009074   0x08009074   0x00000024   Code   RO         6871    i.uxListRemove      list.o
    0x08009098   0x08009098   0x00000024   Code   RO         6912    i.uxQueueMessagesWaiting  queue.o
    0x080090bc   0x080090bc   0x00000088   Code   RO         2270    i.vApplicationIdleHook  freertos.o
    0x08009144   0x08009144   0x00000016   Code   RO         6872    i.vListInitialise   list.o
    0x0800915a   0x0800915a   0x00000006   Code   RO         6873    i.vListInitialiseItem  list.o
    0x08009160   0x08009160   0x00000030   Code   RO         6874    i.vListInsert       list.o
    0x08009190   0x08009190   0x00000018   Code   RO         6875    i.vListInsertEnd    list.o
    0x080091a8   0x080091a8   0x00000040   Code   RO         7859    i.vPortEnterCritical  port.o
    0x080091e8   0x080091e8   0x00000028   Code   RO         7860    i.vPortExitCritical  port.o
    0x08009210   0x08009210   0x0000005c   Code   RO         7808    i.vPortFree         heap_4.o
    0x0800926c   0x0800926c   0x00000020   Code   RO         7861    i.vPortSetupTimerInterrupt  port.o
    0x0800928c   0x0800928c   0x00000054   Code   RO         7862    i.vPortValidateInterruptPriority  port.o
    0x080092e0   0x080092e0   0x00000028   Code   RO         6915    i.vQueueAddToRegistry  queue.o
    0x08009308   0x08009308   0x00000044   Code   RO         6918    i.vQueueWaitForMessageRestricted  queue.o
    0x0800934c   0x0800934c   0x0000004c   Code   RO         7064    i.vTaskDelay        tasks.o
    0x08009398   0x08009398   0x000000ac   Code   RO         7065    i.vTaskDelete       tasks.o
    0x08009444   0x08009444   0x0000000c   Code   RO         7067    i.vTaskMissedYield  tasks.o
    0x08009450   0x08009450   0x000000b8   Code   RO         7068    i.vTaskNotifyGiveFromISR  tasks.o
    0x08009508   0x08009508   0x00000030   Code   RO         7069    i.vTaskPlaceOnEventList  tasks.o
    0x08009538   0x08009538   0x00000038   Code   RO         7070    i.vTaskPlaceOnEventListRestricted  tasks.o
    0x08009570   0x08009570   0x0000007c   Code   RO         7073    i.vTaskResume       tasks.o
    0x080095ec   0x080095ec   0x00000024   Code   RO         7074    i.vTaskSetTimeOutState  tasks.o
    0x08009610   0x08009610   0x00000070   Code   RO         7075    i.vTaskStartScheduler  tasks.o
    0x08009680   0x08009680   0x000000b0   Code   RO         7076    i.vTaskSuspend      tasks.o
    0x08009730   0x08009730   0x00000010   Code   RO         7077    i.vTaskSuspendAll   tasks.o
    0x08009740   0x08009740   0x0000005c   Code   RO         7078    i.vTaskSwitchContext  tasks.o
    0x0800979c   0x0800979c   0x000000e0   Code   RO         7863    i.xPortStartScheduler  port.o
    0x0800987c   0x0800987c   0x00000048   Code   RO         6919    i.xQueueGenericCreate  queue.o
    0x080098c4   0x080098c4   0x00000150   Code   RO         6920    i.xQueueGenericReceive  queue.o
    0x08009a14   0x08009a14   0x00000088   Code   RO         6921    i.xQueueGenericReset  queue.o
    0x08009a9c   0x08009a9c   0x00000160   Code   RO         6922    i.xQueueGenericSend  queue.o
    0x08009bfc   0x08009bfc   0x000000bc   Code   RO         6923    i.xQueueGenericSendFromISR  queue.o
    0x08009cb8   0x08009cb8   0x0000006c   Code   RO         7079    i.xTaskCheckForTimeOut  tasks.o
    0x08009d24   0x08009d24   0x00000056   Code   RO         7080    i.xTaskCreate       tasks.o
    0x08009d7a   0x08009d7a   0x00000002   PAD
    0x08009d7c   0x08009d7c   0x0000001c   Code   RO         7083    i.xTaskGetSchedulerState  tasks.o
    0x08009d98   0x08009d98   0x0000000c   Code   RO         7084    i.xTaskGetTickCount  tasks.o
    0x08009da4   0x08009da4   0x000000c8   Code   RO         7086    i.xTaskIncrementTick  tasks.o
    0x08009e6c   0x08009e6c   0x00000074   Code   RO         7089    i.xTaskRemoveFromEventList  tasks.o
    0x08009ee0   0x08009ee0   0x000000c4   Code   RO         7091    i.xTaskResumeAll    tasks.o
    0x08009fa4   0x08009fa4   0x00000048   Code   RO         7323    i.xTimerCreateTimerTask  timers.o
    0x08009fec   0x08009fec   0x00000060   Code   RO         7324    i.xTimerGenericCommand  timers.o
    0x0800a04c   0x0800a04c   0x00000300   Data   RO         1080    .constdata          referee_system.o
    0x0800a34c   0x0800a34c   0x00000050   Data   RO         1188    .constdata          detect.o
    0x0800a39c   0x0800a39c   0x000000b4   Data   RO         2271    .constdata          freertos.o
    0x0800a450   0x0800a450   0x00000008   Data   RO         5522    .constdata          stm32f4xx_hal_dma.o
    0x0800a458   0x0800a458   0x00000804   Data   RO         6387    .constdata          arm_common_tables.o
    0x0800ac5c   0x0800ac5c   0x00000010   Data   RO         6709    .constdata          system_stm32f4xx.o
    0x0800ac6c   0x0800ac6c   0x00000008   Data   RO         6710    .constdata          system_stm32f4xx.o
    0x0800ac74   0x0800ac74   0x0000006a   Data   RO         2272    .conststring        freertos.o
    0x0800acde   0x0800acde   0x00000002   PAD
    0x0800ace0   0x0800ace0   0x00000020   Data   RO         8282    Region$$Table       anon$$obj.o


    Execution Region RW_IRAM2 (Exec base: 0x10000000, Load base: 0x0800b07c, Size: 0x00000000, Max: 0x00010000, ABSOLUTE)

    **** No section assigned to this execution region ****


    Execution Region RW_IRAM1 (Exec base: 0x20000000, Load base: 0x0800ad00, Size: 0x00008260, Max: 0x00030000, ABSOLUTE, COMPRESSED[0x0000037c])

    Exec Addr    Load Addr    Size         Type   Attr      Idx    E Section Name        Object

    0x20000000   COMPRESSED   0x00000004   Data   RW           16    .data               app.o
    0x20000004   COMPRESSED   0x00000050   Data   RW          459    .data               remote.o
    0x20000054   COMPRESSED   0x00000004   Data   RW          465    .data               remote.o
    0x20000058   COMPRESSED   0x00000004   Data   RW          466    .data               remote.o
    0x2000005c   COMPRESSED   0x00000004   Data   RW          470    .data               remote.o
    0x20000060   COMPRESSED   0x00000004   Data   RW          471    .data               remote.o
    0x20000064   COMPRESSED   0x00000038   Data   RW          560    .data               capacity.o
    0x2000009c   COMPRESSED   0x0000004a   Data   RW          609    .data               chassis.o
    0x200000e6   COMPRESSED   0x00000002   Data   RW          611    .data               chassis.o
    0x200000e8   COMPRESSED   0x00000008   Data   RW          700    .data               motorhead.o
    0x200000f0   COMPRESSED   0x00000004   Data   RW          702    .data               motorhead.o
    0x200000f4   COMPRESSED   0x00000004   Data   RW          703    .data               motorhead.o
    0x200000f8   COMPRESSED   0x00000004   Data   RW          707    .data               motorhead.o
    0x200000fc   COMPRESSED   0x00000004   Data   RW          790    .data               gimbal.o
    0x20000100   COMPRESSED   0x00000001   Data   RW          791    .data               gimbal.o
    0x20000101   COMPRESSED   0x00000003   PAD
    0x20000104   COMPRESSED   0x00000228   Data   RW          792    .data               gimbal.o
    0x2000032c   COMPRESSED   0x00000007   Data   RW          918    .data               ramp.o
    0x20000333   COMPRESSED   0x00000001   Data   RW          919    .data               ramp.o
    0x20000334   COMPRESSED   0x00000017   Data   RW         1081    .data               referee_system.o
    0x2000034b   COMPRESSED   0x00000001   PAD
    0x2000034c   COMPRESSED   0x00000008   Data   RW         1189    .data               detect.o
    0x20000354   COMPRESSED   0x00000700   Data   RW         1356    .data               filter.o
    0x20000a54   COMPRESSED   0x00000004   Data   RW         1357    .data               filter.o
    0x20000a58   COMPRESSED   0x00000004   Data   RW         1358    .data               filter.o
    0x20000a5c   COMPRESSED   0x000003d8   Data   RW         1539    .data               init_music.o
    0x20000e34   COMPRESSED   0x00000030   Data   RW         1609    .data               aimauto.o
    0x20000e64   COMPRESSED   0x00000080   Data   RW         1742    .data               imu.o
    0x20000ee4   COMPRESSED   0x0000002a   Data   RW         1843    .data               imu_driver.o
    0x20000f0e   COMPRESSED   0x00000002   PAD
    0x20000f10   COMPRESSED   0x00000028   Data   RW         1921    .data               usart_imu.o
    0x20000f38   COMPRESSED   0x00000034   Data   RW         2126    .data               can.o
    0x20000f6c   COMPRESSED   0x00000008   Data   RW         2127    .data               can.o
    0x20000f74   COMPRESSED   0x00000008   Data   RW         2128    .data               can.o
    0x20000f7c   COMPRESSED   0x00000008   Data   RW         2129    .data               can.o
    0x20000f84   COMPRESSED   0x00000030   Data   RW         2273    .data               freertos.o
    0x20000fb4   COMPRESSED   0x00000004   Data   RW         2414    .data               tim.o
    0x20000fb8   COMPRESSED   0x0000000c   Data   RW         5967    .data               stm32f4xx_hal.o
    0x20000fc4   COMPRESSED   0x00000004   Data   RW         6711    .data               system_stm32f4xx.o
    0x20000fc8   COMPRESSED   0x0000003c   Data   RW         7094    .data               tasks.o
    0x20001004   COMPRESSED   0x00000014   Data   RW         7330    .data               timers.o
    0x20001018   COMPRESSED   0x00000018   Data   RW         7813    .data               heap_4.o
    0x20001030   COMPRESSED   0x0000000c   Data   RW         7864    .data               port.o
    0x2000103c        -       0x00000974   Zero   RW          348    .bss                pid.o
    0x200019b0        -       0x0000004c   Zero   RW          458    .bss                remote.o
    0x200019fc        -       0x00000010   Zero   RW          607    .bss                chassis.o
    0x20001a0c        -       0x00000040   Zero   RW          697    .bss                motorhead.o
    0x20001a4c        -       0x00000040   Zero   RW          698    .bss                motorhead.o
    0x20001a8c        -       0x00000040   Zero   RW          699    .bss                motorhead.o
    0x20001acc        -       0x00000038   Zero   RW          917    .bss                ramp.o
    0x20001b04        -       0x00000060   Zero   RW         1076    .bss                referee_system.o
    0x20001b64        -       0x0000001e   Zero   RW         1078    .bss                referee_system.o
    0x20001b82        -       0x00000108   Zero   RW         1187    .bss                detect.o
    0x20001c8a   COMPRESSED   0x00000002   PAD
    0x20001c8c        -       0x00000100   Zero   RW         1283    .bss                fuzzy_pid.o
    0x20001d8c        -       0x00000488   Zero   RW         1348    .bss                filter.o
    0x20002214        -       0x0000001c   Zero   RW         1350    .bss                filter.o
    0x20002230        -       0x0000001c   Zero   RW         1351    .bss                filter.o
    0x2000224c        -       0x0000001c   Zero   RW         1352    .bss                filter.o
    0x20002268        -       0x00000324   Zero   RW         1354    .bss                filter.o
    0x2000258c        -       0x00000324   Zero   RW         1355    .bss                filter.o
    0x200028b0        -       0x00000110   Zero   RW         1657    .bss                adrc.o
    0x200029c0        -       0x00001058   Zero   RW         1736    .bss                imu.o
    0x20003a18        -       0x00000028   Zero   RW         1841    .bss                imu_driver.o
    0x20003a40        -       0x00000048   Zero   RW         2050    .bss                adc.o
    0x20003a88        -       0x000000c8   Zero   RW         2125    .bss                can.o
    0x20003b50        -       0x00000058   Zero   RW         2356    .bss                spi.o
    0x20003ba8        -       0x00000168   Zero   RW         2413    .bss                tim.o
    0x20003d10        -       0x0000000c   Zero   RW         2533    .bss                rng.o
    0x20003d1c        -       0x0000001e   Zero   RW         2591    .bss                usart.o
    0x20003d3a        -       0x00000028   Zero   RW         2592    .bss                usart.o
    0x20003d62        -       0x0000000a   Zero   RW         2593    .bss                usart.o
    0x20003d6c        -       0x00000360   Zero   RW         2594    .bss                usart.o
    0x200040cc        -       0x0000003c   Zero   RW         2842    .bss                stm32f4xx_hal_timebase_tim.o
    0x20004108        -       0x00000040   Zero   RW         6929    .bss                queue.o
    0x20004148        -       0x000000f0   Zero   RW         7093    .bss                tasks.o
    0x20004238        -       0x00000028   Zero   RW         7329    .bss                timers.o
    0x20004260        -       0x00003c00   Zero   RW         7812    .bss                heap_4.o
    0x20007e60        -       0x00000400   Zero   RW            1    STACK               startup_stm32f427xx.o


==============================================================================

Image component sizes


      Code (inc. data)   RO Data    RW Data    ZI Data      Debug   Object Name

       192         24          0          0         72       1928   adc.o
       264         62          0          0        272       2376   adrc.o
       492        108          0         48          0       2302   aimauto.o
       384        112          0          4          0     778872   app.o
         0          0       2052          0          0       4668   arm_common_tables.o
       120         12          0          0          0        726   arm_cos_f32.o
       124          0          0          0          0       1398   arm_mat_add_f32.o
         8          0          0          0          0        963   arm_mat_init_f32.o
       612          4          0          0          0       2842   arm_mat_inverse_f32.o
       220          4          0          0          0       1963   arm_mat_mult_f32.o
       124          0          0          0          0       1398   arm_mat_sub_f32.o
       122          0          0          0          0       1404   arm_mat_trans_f32.o
       132         14          0          0          0        766   arm_sin_f32.o
         0          0          0          0          0      13296   arm_sub_f32.o
      1080        122          0         76        200       9064   can.o
       180         18          0         56          0       1846   capacity.o
      2544        334          0         76         16       8867   chassis.o
        68          0          0          0          0      13963   cmsis_os.o
         0          0          0          0          0       7364   croutine.o
       372         52         80          8        264       4688   detect.o
       124          4          0          0          0        826   dma.o
         0          0          0          0          0      11992   event_groups.o
       960         48          0       1800       2852     645501   filter.o
       914         88        286         48          0       7941   freertos.o
       320         22          0          0        256       2292   fuzzy_pid.o
      1164        214          0        557          0       7356   gimbal.o
       384         28          0          0          0       1199   gpio.o
       460         24          0         24      15360       4783   heap_4.o
       556         52          0        128       4184       4743   imu.o
         0          0          0         42         40       4515   imu_driver.o
       428         72          0        984          0       6097   init_music.o
       136          0          0          0          0       3554   list.o
       396         14          0          0          0       6884   main.o
       538         64          0         20        192       6616   motorhead.o
      1390         74          0          0       2420       6358   pid.o
       758         84          0         12          0      11905   port.o
      1490         20          0          0         64      17366   queue.o
       472         32          0          8         56     761115   ramp.o
       810         74        768         23        126      14608   referee_system.o
      3824        296          0         96         76      44740   remote.o
       120         24          0          0         12       2100   rng.o
       180         24          0          0         88       1653   spi.o
        36          8        428          0       1024        832   startup_stm32f427xx.o
        80         14          0         12          0       3258   stm32f4xx_hal.o
       904         52          0          0          0       3695   stm32f4xx_hal_adc.o
      1128          6          0          0          0       5843   stm32f4xx_hal_can.o
       154         14          0          0          0      29622   stm32f4xx_hal_cortex.o
      1054         16          8          0          0       6719   stm32f4xx_hal_dma.o
       470         52          0          0          0       2448   stm32f4xx_hal_gpio.o
        56          4          0          0          0        842   stm32f4xx_hal_msp.o
       112         14          0          0          0       1292   stm32f4xx_hal_pwr_ex.o
      1328         90          0          0          0       5821   stm32f4xx_hal_rcc.o
       154          0          0          0          0       2002   stm32f4xx_hal_rng.o
       128          0          0          0          0       1215   stm32f4xx_hal_spi.o
      1808         96          0          0          0      17652   stm32f4xx_hal_tim.o
       174          0          0          0          0       3250   stm32f4xx_hal_tim_ex.o
       116         16          0          0         60       1403   stm32f4xx_hal_timebase_tim.o
      1546         22          0          0          0       9895   stm32f4xx_hal_uart.o
       952        196          0          0          0      12489   stm32f4xx_it.o
        84         18         24          4          0       1159   system_stm32f4xx.o
      2640        222          0         60        240      27153   tasks.o
      1320        140          0          4        360       8866   tim.o
       852         78          0         20         40      17715   timers.o
      1156        128          0          0        944       5780   usart.o
       260         16          0         40          0       1843   usart_imu.o

    ----------------------------------------------------------------------
     39016       3326       3680       4156      29220    2605632   Object Totals
         0          0         32          0          0          0   (incl. Generated)
        42          0          2          6          2          0   (incl. Padding)

    ----------------------------------------------------------------------

      Code (inc. data)   RO Data    RW Data    ZI Data      Debug   Library Member Name

        86          0          0          0          0          0   __dczerorl2.o
         0          0          0          0          0          0   entry.o
         0          0          0          0          0          0   entry10a.o
         0          0          0          0          0          0   entry11a.o
         8          4          0          0          0          0   entry2.o
         4          0          0          0          0          0   entry5.o
         0          0          0          0          0          0   entry7b.o
         0          0          0          0          0          0   entry8b.o
         8          4          0          0          0          0   entry9a.o
        30          0          0          0          0          0   handlers.o
        36          8          0          0          0         68   init.o
         0          0          0          0          0          0   iusefp.o
        30          0          0          0          0         68   llshl.o
        36          0          0          0          0         68   llsshr.o
        32          0          0          0          0         68   llushr.o
        36          0          0          0          0         68   memcpya.o
        36          0          0          0          0        108   memseta.o
        98          0          0          0          0         92   uldiv.o
        48          0          0          0          0         68   cdcmple.o
        48          0          0          0          0         68   cdrcmple.o
        56          0          0          0          0         88   d2f.o
       334          0          0          0          0        148   dadd.o
       186          0          0          0          0        176   depilogue.o
        62          0          0          0          0         80   dfixi.o
        34          0          0          0          0         76   dflti.o
       228          0          0          0          0         96   dmul.o
        38          0          0          0          0         68   f2d.o
       110          0          0          0          0        168   fepilogue.o

    ----------------------------------------------------------------------
      1592         16          0          0          0       1576   Library Totals
         8          0          0          0          0          0   (incl. Padding)

    ----------------------------------------------------------------------

      Code (inc. data)   RO Data    RW Data    ZI Data      Debug   Library Name

       440         16          0          0          0        540   mc_w.l
      1144          0          0          0          0       1036   mf_w.l

    ----------------------------------------------------------------------
      1592         16          0          0          0       1576   Library Totals

    ----------------------------------------------------------------------

==============================================================================


      Code (inc. data)   RO Data    RW Data    ZI Data      Debug   

     40608       3342       3680       4156      29220    2577464   Grand Totals
     40608       3342       3680        892      29220    2577464   ELF Image Totals (compressed)
     40608       3342       3680        892          0          0   ROM Totals

==============================================================================

    Total RO  Size (Code + RO Data)                44288 (  43.25kB)
    Total RW  Size (RW Data + ZI Data)             33376 (  32.59kB)
    Total ROM Size (Code + RO Data + RW Data)      45180 (  44.12kB)

==============================================================================

